Microchip MPLAB XC8 Compiler V2.31

Linker command line:

-W-3 --edf=C:\Program Files (x86)\Microchip\xc8\pic\dat\en_msgs.txt -cn \
  -h+dist/default/production\Dim_Node.X.production.sym \
  --cmf=dist/default/production\Dim_Node.X.production.cmf -z -Q16F1509 \
  -oC:\Users\Nello\AppData\Local\Temp\sfes.2 --defsym=__MPLAB_BUILD=1 \
  -Mdist/default/production/Dim_Node.X.production.map -E1 -ver=XC8 Compiler \
  --acfsm=1493 -ASTACK=02134h-0216Fh -pstack=STACK -ACODE=00h-07FFhx4 \
  -ASTRCODE=00h-01FFFh -ASTRING=00h-0FFhx32 -ACONST=00h-0FFhx32 \
  -AENTRY=00h-0FFhx32 -ACOMMON=070h-07Fh -ABANK0=020h-06Fh \
  -ABANK1=0A0h-0EFh -ABANK2=0120h-016Fh -ABANK3=01A0h-01EFh \
  -ABANK4=0220h-026Fh -ABANK5=02A0h-02EFh -ABANK6=0320h-032Fh \
  -ABIGRAM=02000h-021EFh \
  -ARAM=020h-06Fh,0A0h-0EFh,0120h-016Fh,01A0h-01EFh,0220h-026Fh,02A0h-02EFh,0320h-032Fh \
  -AABS1=020h-07Fh,0A0h-0EFh,0120h-016Fh,01A0h-01EFh,0220h-026Fh,02A0h-02EFh,0320h-032Fh \
  -ASFR0=00h-01Fh -ASFR1=080h-09Fh -ASFR2=0100h-011Fh -ASFR3=0180h-019Fh \
  -ASFR4=0200h-021Fh -ASFR5=0280h-029Fh -ASFR6=0300h-031Fh \
  -ASFR7=0380h-03EFh -ASFR8=0400h-046Fh -ASFR9=0480h-04EFh \
  -ASFR10=0500h-056Fh -ASFR11=0580h-05EFh -ASFR12=0600h-066Fh \
  -ASFR13=0680h-06EFh -ASFR14=0700h-076Fh -ASFR15=0780h-07EFh \
  -ASFR16=0800h-086Fh -ASFR17=0880h-08EFh -ASFR18=0900h-096Fh \
  -ASFR19=0980h-09EFh -ASFR20=0A00h-0A6Fh -ASFR21=0A80h-0AEFh \
  -ASFR22=0B00h-0B6Fh -ASFR23=0B80h-0BEFh -ASFR24=0C00h-0C6Fh \
  -ASFR25=0C80h-0CEFh -ASFR26=0D00h-0D6Fh -ASFR27=0D80h-0DEFh \
  -ASFR28=0E00h-0E6Fh -ASFR29=0E80h-0EEFh -ASFR30=0F00h-0F6Fh \
  -ASFR31=0F80h-0FEFh -ACONFIG=08007h-08008h -DCONFIG=2 \
  -AIDLOC=08000h-08003h -DIDLOC=2 -DCODE=2 -DSTRCODE=2 -DSTRING=2 -DCONST=2 \
  -DENTRY=2 -preset_vec=00h,intentry=04h,init,end_init -ppowerup=CODE \
  -pcinit=CODE -pfunctab=ENTRY -k C:\Users\Nello\AppData\Local\Temp\sfes.o \
  dist/default/production\Dim_Node.X.production.o 

Object code version is 3.11

Machine type is 16F1509



                Name                               Link     Load   Length Selector   Space Scale
C:\Users\Nello\AppData\Local\Temp\sfes.o
                end_init                             47       47        2        8       0
                reset_vec                             0        0        2        0       0
                config                             8007     8007        2        0       4
dist/default/production\Dim_Node.X.production.o
                cinit                                49       49       36        8       0
                intentry                              4        4       43        8       0
                config                             8007     8007        2        0       4
                text58                             158B     158B        8     2B16       0
                text57                             1593     1593        9     2B26       0
                text56                             1607     1607       12     2C0E       0
                text55                             1619     1619       13     2C32       0
                text54                              826      826       31     104C       0
                text53                              A53      A53       41     14A6       0
                text51                             1576     1576        3     2AEC       0
                text50                             1579     1579        3     2AF2       0
                text49                             157C     157C        3     2AF8       0
                text48                              857      857       31     10AE       0
                text47                              4D6      4D6      1B4      9AC       0
                text46                             175F     175F       24     2EBE       0
                text45                               7F       7F      257        8       0
                text44                              C4D      C4D       75     189A       0
                text43                              E70      E70       AD     1CE0       0
                text42                              9D7      9D7       3D     13AE       0
                text41                              8BB      8BB       35     1176       0
                text40                              B32      B32       51     1664       0
                text39                              68A      68A      161      9AC       0
                text38                             1642     1642       18     2C84       0
                text37                             165A     165A       18     2CB4       0
                text36                             15B7     15B7        C     2B6E       0
                text35                              AE2      AE2       50     15C4       0
                text34                              B83      B83       5D     1706       0
                text33                             16D3     16D3       23     2DA6       0
                text32                             15DB     15DB        E     2BB6       0
                text31                             157F     157F        6     2AFE       0
                text30                              A14      A14       3F     1428       0
                text29                             15F7     15F7       10     2BEE       0
                text28                             159C     159C        9     2B38       0
                text27                              A94      A94       4E     1528       0
                text26                              BE0      BE0       6D     17C0       0
                text25                             1585     1585        6     2B0A       0
                text24                             15C3     15C3        C     2B86       0
                text23                             15E9     15E9        E     2BD2       0
                text22                              928      928       39     1250       0
                text21                              8F0      8F0       38     11E0       0
                text20                             16F6     16F6       23     2DEC       0
                text19                             1719     1719       23     2E32       0
                text18                             162C     162C       16     2C58       0
                text17                              D37      D37       97     1A6E       0
                text16                             1783     1783       27     2F06       0
                text15                              888      888       33     1110       0
                text14                              802      802       24     1004       0
                text13                             17AA     17AA       2A     2F54       0
                text12                             17D4     17D4       2C     2FA8       0
                text11                              961      961       3B     12C2       0
                text10                              7EB      7EB       14      9AC       0
                text9                              1691     1691       20     2D22       0
                text8                              173C     173C       23     2E78       0
                text7                               F1D      F1D       E3     1E3A       0
                text6                              15A5     15A5        9     2B4A       0
                text5                              1672     1672       1F     2CE4       0
                text4                               99C      99C       3B     1338       0
                text3                               DCE      DCE       A2     1B9C       0
                text2                              15AE     15AE        9     2B5C       0
                text1                              16B1     16B1       22     2D62       0
                maintext                            CC2      CC2       75     1984       0
                cstackBANK0                          20       20       44       20       1
                cstackCOMMON                         70       70        E       70       1
                cstackBANK1                          A0       A0       38       A0       1
                clrtext                            15CF     15CF        C     2B9E       0
                bssBANK3                            1A0      1A0       44      1A0       1
                bssBANK2                            120      120       50      120       1
                bssBANK1                             D8       D8       17       A0       1
                bssBANK0                             64       64        5       20       1
                stringtext1                         2D6      2D6      200      5AC       0

TOTAL           Name                               Link     Load   Length     Space
        CLASS   STACK          

        CLASS   CODE           
                end_init                             47       47        2         0
                cinit                                49       49       36         0
                intentry                              4        4       43         0
                reset_vec                             0        0        2         0
                text58                             158B     158B        8         0
                text57                             1593     1593        9         0
                text56                             1607     1607       12         0
                text55                             1619     1619       13         0
                text54                              826      826       31         0
                text53                              A53      A53       41         0
                text51                             1576     1576        3         0
                text50                             1579     1579        3         0
                text49                             157C     157C        3         0
                text48                              857      857       31         0
                text47                              4D6      4D6      1B4         0
                text46                             175F     175F       24         0
                text45                               7F       7F      257         0
                text44                              C4D      C4D       75         0
                text43                              E70      E70       AD         0
                text42                              9D7      9D7       3D         0
                text41                              8BB      8BB       35         0
                text40                              B32      B32       51         0
                text39                              68A      68A      161         0
                text38                             1642     1642       18         0
                text37                             165A     165A       18         0
                text36                             15B7     15B7        C         0
                text35                              AE2      AE2       50         0
                text34                              B83      B83       5D         0
                text33                             16D3     16D3       23         0
                text32                             15DB     15DB        E         0
                text31                             157F     157F        6         0
                text30                              A14      A14       3F         0
                text29                             15F7     15F7       10         0
                text28                             159C     159C        9         0
                text27                              A94      A94       4E         0
                text26                              BE0      BE0       6D         0
                text25                             1585     1585        6         0
                text24                             15C3     15C3        C         0
                text23                             15E9     15E9        E         0
                text22                              928      928       39         0
                text21                              8F0      8F0       38         0
                text20                             16F6     16F6       23         0
                text19                             1719     1719       23         0
                text18                             162C     162C       16         0
                text17                              D37      D37       97         0
                text16                             1783     1783       27         0
                text15                              888      888       33         0
                text14                              802      802       24         0
                text13                             17AA     17AA       2A         0
                text12                             17D4     17D4       2C         0
                text11                              961      961       3B         0
                text10                              7EB      7EB       14         0
                text9                              1691     1691       20         0
                text8                              173C     173C       23         0
                text7                               F1D      F1D       E3         0
                text6                              15A5     15A5        9         0
                text5                              1672     1672       1F         0
                text4                               99C      99C       3B         0
                text3                               DCE      DCE       A2         0
                text2                              15AE     15AE        9         0
                text1                              16B1     16B1       22         0
                maintext                            CC2      CC2       75         0
                clrtext                            15CF     15CF        C         0

        CLASS   STRCODE        
                stringtext1                         2D6      2D6      200         0

        CLASS   STRING         

        CLASS   CONST          

        CLASS   ENTRY          

        CLASS   COMMON         
                cstackCOMMON                         70       70        E         1

        CLASS   BANK0          
                cstackBANK0                          20       20       44         1
                bssBANK0                             64       64        5         1

        CLASS   BANK1          
                cstackBANK1                          A0       A0       38         1
                bssBANK1                             D8       D8       17         1

        CLASS   BANK2          
                bssBANK2                            120      120       50         1

        CLASS   BANK3          
                bssBANK3                            1A0      1A0       44         1

        CLASS   BANK4          

        CLASS   BANK5          

        CLASS   BANK6          

        CLASS   BIGRAM         

        CLASS   RAM            

        CLASS   ABS1           
                abs_s1                               7E       7E        2         1
                abs_s1                              250      250       20         1
                abs_s1                              2A0      2A0       50         1
                abs_s1                              320      320       10         1
                abs_s1                             2170     2170        0         1

        CLASS   SFR0           

        CLASS   SFR1           

        CLASS   SFR2           

        CLASS   SFR3           

        CLASS   SFR4           

        CLASS   SFR5           

        CLASS   SFR6           

        CLASS   SFR7           

        CLASS   SFR8           

        CLASS   SFR9           

        CLASS   SFR10          

        CLASS   SFR11          

        CLASS   SFR12          

        CLASS   SFR13          

        CLASS   SFR14          

        CLASS   SFR15          

        CLASS   SFR16          

        CLASS   SFR17          

        CLASS   SFR18          

        CLASS   SFR19          

        CLASS   SFR20          

        CLASS   SFR21          

        CLASS   SFR22          

        CLASS   SFR23          

        CLASS   SFR24          

        CLASS   SFR25          

        CLASS   SFR26          

        CLASS   SFR27          

        CLASS   SFR28          

        CLASS   SFR29          

        CLASS   SFR30          

        CLASS   SFR31          

        CLASS   CONFIG         
                config                             8007     8007        2         4

        CLASS   IDLOC          

        CLASS   BANK31         

        CLASS   BANK30         

        CLASS   BANK29         

        CLASS   BANK28         

        CLASS   BANK27         

        CLASS   BANK26         

        CLASS   BANK25         

        CLASS   BANK24         

        CLASS   BANK23         

        CLASS   BANK22         

        CLASS   BANK21         

        CLASS   BANK20         

        CLASS   BANK19         

        CLASS   BANK18         

        CLASS   BANK17         

        CLASS   BANK16         

        CLASS   BANK15         

        CLASS   BANK14         

        CLASS   BANK13         

        CLASS   BANK12         

        CLASS   BANK11         

        CLASS   BANK10         

        CLASS   BANK9          

        CLASS   BANK8          

        CLASS   BANK7          

        CLASS   EEDATA         



SEGMENTS        Name                           Load    Length   Top    Selector   Space  Class     Delta

                reset_vec                      000000  000002  000002         0       0  CODE        2
                intentry                       000004  0002D2  0002D6         8       0  CODE        2
                cstackBANK0                    000020  000049  000069        20       1  BANK0       1
                cstackCOMMON                   000070  00000E  00007E        70       1  COMMON      1
                cstackBANK1                    0000A0  00004F  0000EF        A0       1  BANK1       1
                bssBANK2                       000120  000050  000170       120       1  BANK2       1
                bssBANK3                       0001A0  000044  0001E4       1A0       1  BANK3       1
                stringtext1                    0002D6  000200  0004D6       5AC       0  STRCODE     2
                text47                         0004D6  000329  0007FF       9AC       0  CODE        2
                text14                         000802  000024  000826      1004       0  CODE        2
                text54                         000826  000031  000857      104C       0  CODE        2
                text48                         000857  000031  000888      10AE       0  CODE        2
                text15                         000888  000033  0008BB      1110       0  CODE        2
                text41                         0008BB  000035  0008F0      1176       0  CODE        2
                text21                         0008F0  000038  000928      11E0       0  CODE        2
                text22                         000928  000039  000961      1250       0  CODE        2
                text11                         000961  00003B  00099C      12C2       0  CODE        2
                text4                          00099C  00003B  0009D7      1338       0  CODE        2
                text42                         0009D7  00003D  000A14      13AE       0  CODE        2
                text30                         000A14  00003F  000A53      1428       0  CODE        2
                text53                         000A53  000041  000A94      14A6       0  CODE        2
                text27                         000A94  00004E  000AE2      1528       0  CODE        2
                text35                         000AE2  000050  000B32      15C4       0  CODE        2
                text40                         000B32  000051  000B83      1664       0  CODE        2
                text34                         000B83  00005D  000BE0      1706       0  CODE        2
                text26                         000BE0  00006D  000C4D      17C0       0  CODE        2
                text44                         000C4D  000075  000CC2      189A       0  CODE        2
                maintext                       000CC2  000075  000D37      1984       0  CODE        2
                text17                         000D37  000097  000DCE      1A6E       0  CODE        2
                text3                          000DCE  0000A2  000E70      1B9C       0  CODE        2
                text43                         000E70  0000AD  000F1D      1CE0       0  CODE        2
                text7                          000F1D  0000E3  001000      1E3A       0  CODE        2
                text51                         001576  000003  001579      2AEC       0  CODE        2
                text50                         001579  000003  00157C      2AF2       0  CODE        2
                text49                         00157C  000003  00157F      2AF8       0  CODE        2
                text31                         00157F  000006  001585      2AFE       0  CODE        2
                text25                         001585  000006  00158B      2B0A       0  CODE        2
                text58                         00158B  000008  001593      2B16       0  CODE        2
                text57                         001593  000009  00159C      2B26       0  CODE        2
                text28                         00159C  000009  0015A5      2B38       0  CODE        2
                text6                          0015A5  000009  0015AE      2B4A       0  CODE        2
                text2                          0015AE  000009  0015B7      2B5C       0  CODE        2
                text36                         0015B7  00000C  0015C3      2B6E       0  CODE        2
                text24                         0015C3  00000C  0015CF      2B86       0  CODE        2
                clrtext                        0015CF  00000C  0015DB      2B9E       0  CODE        2
                text32                         0015DB  00000E  0015E9      2BB6       0  CODE        2
                text23                         0015E9  00000E  0015F7      2BD2       0  CODE        2
                text29                         0015F7  000010  001607      2BEE       0  CODE        2
                text56                         001607  000012  001619      2C0E       0  CODE        2
                text55                         001619  000013  00162C      2C32       0  CODE        2
                text18                         00162C  000016  001642      2C58       0  CODE        2
                text38                         001642  000018  00165A      2C84       0  CODE        2
                text37                         00165A  000018  001672      2CB4       0  CODE        2
                text5                          001672  00001F  001691      2CE4       0  CODE        2
                text9                          001691  000020  0016B1      2D22       0  CODE        2
                text1                          0016B1  000022  0016D3      2D62       0  CODE        2
                text33                         0016D3  000023  0016F6      2DA6       0  CODE        2
                text20                         0016F6  000023  001719      2DEC       0  CODE        2
                text19                         001719  000023  00173C      2E32       0  CODE        2
                text8                          00173C  000023  00175F      2E78       0  CODE        2
                text46                         00175F  000024  001783      2EBE       0  CODE        2
                text16                         001783  000027  0017AA      2F06       0  CODE        2
                text13                         0017AA  00002A  0017D4      2F54       0  CODE        2
                text12                         0017D4  00002C  001800      2FA8       0  CODE        2


UNUSED ADDRESS RANGES

        Name                Unused          Largest block    Delta
        BANK0            00069-0006F               7           1
        BANK1            000EF-000EF               1           1
        BANK3            001E4-001EF               C           1
        BANK4            00220-0024F              30           1
        BIGRAM           02000-021EF             1F0           1
        CODE             00002-00003               2           2
                         007FF-00801               1
                         01000-01575             576
                         01800-01FFF             800
        CONST            00002-00003               2           2
                         007FF-00801               1
                         01000-01575             100
                         01800-01FFF             100
        ENTRY            00002-00003               2           2
                         007FF-00801               1
                         01000-01575             100
                         01800-01FFF             100
        IDLOC            08000-08003               4           2
        RAM              00069-0006F               7           1
                         000EF-000EF               1
                         001E4-001EF               C
                         00220-0024F              30
        SFR0             00000-0001F              20           1
        SFR1             00080-0009F              20           1
        SFR10            00500-0056F              70           1
        SFR11            00580-005EF              70           1
        SFR12            00600-0066F              70           1
        SFR13            00680-006EF              70           1
        SFR14            00700-0076F              70           1
        SFR15            00780-007EF              70           1
        SFR16            00800-0086F              70           1
        SFR17            00880-008EF              70           1
        SFR18            00900-0096F              70           1
        SFR19            00980-009EF              70           1
        SFR2             00100-0011F              20           1
        SFR20            00A00-00A6F              70           1
        SFR21            00A80-00AEF              70           1
        SFR22            00B00-00B6F              70           1
        SFR23            00B80-00BEF              70           1
        SFR24            00C00-00C6F              70           1
        SFR25            00C80-00CEF              70           1
        SFR26            00D00-00D6F              70           1
        SFR27            00D80-00DEF              70           1
        SFR28            00E00-00E6F              70           1
        SFR29            00E80-00EEF              70           1
        SFR3             00180-0019F              20           1
        SFR30            00F00-00F6F              70           1
        SFR31            00F80-00FEF              70           1
        SFR4             00200-0021F              20           1
        SFR5             00280-0029F              20           1
        SFR6             00300-0031F              20           1
        SFR7             00380-003EF              70           1
        SFR8             00400-0046F              70           1
        SFR9             00480-004EF              70           1
        STACK            02134-0216F              3C           1
        STRCODE          00002-00003               2           2
                         007FF-00801               3
                         01000-01575             576
                         01800-01FFF             800
        STRING           00002-00003               2           2
                         007FF-00801               1
                         01000-01575             100
                         01800-01FFF             100

                                  Symbol Table

?_AcquireADCChan                  cstackBANK0  00025
?_GetVoltage                      cstackBANK0  00025
?__Umul8_16                       cstackBANK0  00025
?___fldiv                         cstackBANK0  00033
?___flmul                         cstackBANK0  00033
?___fltol                         cstackBANK0  0004D
?___lwmod                         cstackBANK0  00025
?___xxtofl                        cstackBANK0  00025
APPL_TASK_10MS@D_lay              cstackBANK0  00061
APPL_TASK_10MS@LED1               cstackBANK0  00063
APPL_TASK_10MS@LED2               cstackBANK0  00062
APPL_TASK_10MS@OldValue           bssBANK0     00068
AcquireADCChan@ADCres10           cstackBANK0  00029
AcquireADCChan@Channel            cstackBANK0  00028
ClickLed@DurationMs               cstackCOMMON 00070
ISR@PipeNo                        cstackBANK0  00024
KeepDistance@amount               cstackBANK0  00028
KeepDistance@diff                 cstackBANK0  00026
KeepDistance@retVal               cstackBANK0  00029
LinearTransiant@Duration10ms      cstackBANK0  00059
LinearTransiant@NewValue          cstackBANK1  000A8
LinearTransiant@OldValue          cstackBANK0  00058
LinearTransiant@Slope             cstackBANK1  000A0
LinearTransiant@a                 cstackBANK1  000A6
LinearTransiant@diff              cstackBANK1  000A4
LinearTransiant@i                 cstackBANK1  000A7
NRF24L01_Init@SPI_Exchange        cstackBANK0  00027
NRF_Available@PipiNo              cstackCOMMON 00074
NRF_OpenReadingPipe@AW            cstackBANK0  00040
NRF_OpenReadingPipe@AutoAck       cstackBANK0  00038
NRF_OpenReadingPipe@Enable        cstackBANK0  00039
NRF_OpenReadingPipe@PayloadLength cstackBANK0  00037
NRF_OpenReadingPipe@PipeAddr      cstackBANK0  00036
NRF_OpenReadingPipe@PipeNo        cstackBANK0  00042
NRF_OpenReadingPipe@i             cstackBANK0  00041
NRF_PipeEnable@EN                 cstackBANK0  00035
NRF_PipeEnable@PipeNo             cstackBANK0  00034
NRF_PipeEnableAA@AA               cstackBANK0  00035
NRF_PipeEnableAA@PipeNo           cstackBANK0  00034
NRF_ReadPayload@Payload           cstackBANK0  00020
NRF_ReadPayload@PayloadLength     cstackCOMMON 0007A
NRF_ReadPayload@i                 cstackBANK0  00021
NRF_Read_Register@Bytes           cstackBANK0  00026
NRF_Read_Register@Length          cstackBANK0  00028
NRF_Read_Register@Register        cstackBANK0  00030
NRF_Read_Register@i               cstackBANK0  00031
NRF_SetART@count                  cstackBANK0  00034
NRF_SetART@delay                  cstackBANK0  00032
NRF_SetAddrWidth@AddressWidth     cstackBANK0  00035
NRF_SetCRCLen@Len                 cstackBANK0  00033
NRF_SetRFChannel@RF_Channel       cstackBANK0  00036
NRF_SetRFDataRate@Datarate        cstackBANK0  00033
NRF_SetRFPower@RF_Pow             cstackBANK0  00036
NRF_SetTxAddr@PipeAddr            cstackBANK0  00034
NRF_Set_SPI_Handler@SPI_Handler   cstackBANK0  00025
NRF_WritePayload@Payload          cstackBANK0  00029
NRF_WritePayload@PayloadLength    cstackBANK0  00026
NRF_WritePayload@i                cstackBANK0  0002A
NRF_Write_Register@Bytes          cstackBANK0  00029
NRF_Write_Register@Length         cstackBANK0  0002B
NRF_Write_Register@Register       cstackBANK0  0002F
NRF_Write_Register@Status         cstackBANK0  00030
NRF_Write_Register@i              cstackBANK0  00031
NVM_Init@InitBuffer               cstackBANK0  0002E
NVM_Read@address                  cstackBANK0  00025
NVM_Read_Buff@RBuff               cstackBANK0  00029
NVM_Read_Buff@address             cstackBANK0  00027
NVM_Read_Buff@i                   cstackBANK0  0002D
NVM_Read_Buff@length              cstackBANK0  0002A
NVM_Write_Row@Length              cstackBANK0  00028
NVM_Write_Row@WriteBuff           cstackBANK0  00027
NVM_Write_Row@address             cstackBANK0  00025
NVM_Write_Row@i                   cstackBANK0  0002B
NetworkInit@AddrPipe0             cstackBANK1  000C0
NetworkInit@AddrPipe1             cstackBANK1  000C5
NetworkInit@EEPROM_Row            cstackBANK1  000A0
NetworkInit@TxAddr                cstackBANK1  000CA
NetworkInit@i                     cstackBANK1  000CF
RefreshVoltage@Value              cstackBANK0  0002B
SPI_Exchange@Data                 cstackBANK0  00025
SetPWM1@DutyCycle                 cstackBANK0  0002F
SetPWM2@DutyCycle                 cstackBANK0  00025
Task_LedManager@Timeout           bssBANK1     000E3
_ADCON0                           (abs)        0009D
_ADCON1                           (abs)        0009E
_ADRESH                           (abs)        0009C
_ADRESL                           (abs)        0009B
_ANSELA                           (abs)        0018C
_ANSELB                           (abs)        0018D
_ANSELC                           (abs)        0018E
_APPL_TASK_10MS                   text34       00B83
_AcquireADCChan                   text33       016D3
_Appl_Init                        text31       0157F
_CircularBuffer                   (abs)        02170
_Click                            bssBANK1     000EE
_ClickLed                         text58       0158B
_Click_Duration                   bssBANK1     000E7
_CmdPWM1                          bssBANK0     00066
_CmdPWM2                          bssBANK1     000ED
_DataPipe                         bssBANK2     0014A
_DataTx                           bssBANK2     00168
_GetVoltage                       text6        015A5
_Get_PWM1Cmd                      text51       01576
_Get_PWM2Cmd                      text50       01579
_Get_Slope1                       text49       0157C
_INTCONbits                       (abs)        0000B
_IOCAF                            (abs)        00393
_IOCAN                            (abs)        00392
_IOCIF                            (abs)        00058
_ISR                              intentry     00004
_IsEmpty                          text36       015B7
_IsFull                           text42       009D7
_IsFull$142                       cstackBANK0  00027
_KeepDistance                     text48       00857
_LATCbits                         (abs)        0010E
_LinearTransiant                  text39       0068A
_MCU_Init                         text30       00A14
_MyQueue                          bssBANK1     000D8
_NFR_RxPipes                      bssBANK3     001C0
_NRF24L01_Init                    text24       015C3
_NRFChip                          bssBANK2     0015A
_NRF_Available                    text55       01619
_NRF_GetStatus                    text56       01607
_NRF_OpenReadingPipe              text17       00D37
_NRF_OpenReadingPipe$541          cstackBANK0  0003E
_NRF_PipeEnable                   text20       016F6
_NRF_PipeEnableAA                 text19       01719
_NRF_ReadPayload                  text53       00A53
_NRF_Read_Register                text22       00928
_NRF_SetART                       text16       01783
_NRF_SetAddrWidth                 text15       00888
_NRF_SetAddrWidth$582             cstackBANK0  00033
_NRF_SetCRCLen                    text14       00802
_NRF_SetRFChannel                 text13       017AA
_NRF_SetRFChannel$570             cstackBANK0  00034
_NRF_SetRFDataRate                text12       017D4
_NRF_SetRFPower                   text11       00961
_NRF_SetRFPower$577               cstackBANK0  00034
_NRF_SetTxAddr                    text10       007EB
_NRF_Set_SPI_Handler              text25       01585
_NRF_StartListening               text9        01691
_NRF_StopListening                text5        01672
_NRF_WritePayload                 text4        0099C
_NRF_Write_Register               text21       008F0
_NVM_Init                         text26       00BE0
_NVM_Read                         text29       015F7
_NVM_Read_Buff                    text8        0173C
_NVM_Write_Row                    text27       00A94
_NWM_Unlock                       text28       0159C
_NetworkInit                      text7        00F1D
_NetworkManager                   text3        00DCE
_NwtFlags                         bssBANK0     00067
_OPTION_REG                       (abs)        00095
_OSCCON                           (abs)        00099
_PMADRH                           (abs)        00192
_PMADRL                           (abs)        00191
_PMCON1bits                       (abs)        00195
_PMCON2                           (abs)        00196
_PMDATH                           (abs)        00194
_PMDATL                           (abs)        00193
_PR2                              (abs)        0001B
_PWM1CON                          (abs)        00613
_PWM1DCH                          (abs)        00612
_PWM1DCL                          (abs)        00611
_PWM2CON                          (abs)        00616
_PWM2DCH                          (abs)        00615
_PWM2DCL                          (abs)        00614
_QueueInit                        text32       015DB
_RefreshVoltage                   text2        015AE
_SPI_Exchange                     text23       015E9
_SPI_Exchange$intlevel0           text23       015ED
_SSP1BUF                          (abs)        00211
_SSP1CON1                         (abs)        00215
_SSP1STAT                         (abs)        00214
_SSP1STATbits                     (abs)        00214
_SetPWM1                          text38       01642
_SetPWM2                          text37       0165A
_Slope1                           bssBANK1     000EC
_Slope2                           bssBANK1     000EB
_SysVoltage                       bssBANK1     000E5
_T2CON                            (abs)        0001C
_TMR0                             (abs)        00015
_TMR0IF                           (abs)        0005A
_TRISA                            (abs)        0008C
_TRISB                            (abs)        0008D
_TRISC                            (abs)        0008E
_Task_LedManager                  text1        016B1
_Tick_1ms                         bssBANK1     000E9
__Habs1                           abs1         00000
__Hbank0                          bank0        00000
__Hbank1                          bank1        00000
__Hbank10                         bank10       00000
__Hbank11                         bank11       00000
__Hbank12                         bank12       00000
__Hbank13                         bank13       00000
__Hbank14                         bank14       00000
__Hbank15                         bank15       00000
__Hbank16                         bank16       00000
__Hbank17                         bank17       00000
__Hbank18                         bank18       00000
__Hbank19                         bank19       00000
__Hbank2                          bank2        00000
__Hbank20                         bank20       00000
__Hbank21                         bank21       00000
__Hbank22                         bank22       00000
__Hbank23                         bank23       00000
__Hbank24                         bank24       00000
__Hbank25                         bank25       00000
__Hbank26                         bank26       00000
__Hbank27                         bank27       00000
__Hbank28                         bank28       00000
__Hbank29                         bank29       00000
__Hbank3                          bank3        00000
__Hbank30                         bank30       00000
__Hbank31                         bank31       00000
__Hbank4                          bank4        00000
__Hbank5                          bank5        00000
__Hbank6                          bank6        00000
__Hbank7                          bank7        00000
__Hbank8                          bank8        00000
__Hbank9                          bank9        00000
__Hbigram                         bigram       00000
__HbssBANK0                       bssBANK0     00000
__HbssBANK1                       bssBANK1     00000
__HbssBANK2                       bssBANK2     00000
__HbssBANK3                       bssBANK3     00000
__Hcinit                          cinit        0007F
__Hclrtext                        clrtext      00000
__Hcode                           code         00000
__Hcommon                         common       00000
__Hconfig                         config       08009
__HcstackBANK0                    cstackBANK0  00000
__HcstackBANK1                    cstackBANK1  00000
__HcstackCOMMON                   cstackCOMMON 00000
__Heeprom_data                    eeprom_data  00000
__Hend_init                       end_init     00049
__Hfunctab                        functab      00000
__Hinit                           init         00047
__Hintentry                       intentry     00047
__Hmaintext                       maintext     00000
__Hpowerup                        powerup      00000
__Hram                            ram          00000
__Hreset_vec                      reset_vec    00002
__Hsfr0                           sfr0         00000
__Hsfr1                           sfr1         00000
__Hsfr10                          sfr10        00000
__Hsfr11                          sfr11        00000
__Hsfr12                          sfr12        00000
__Hsfr13                          sfr13        00000
__Hsfr14                          sfr14        00000
__Hsfr15                          sfr15        00000
__Hsfr16                          sfr16        00000
__Hsfr17                          sfr17        00000
__Hsfr18                          sfr18        00000
__Hsfr19                          sfr19        00000
__Hsfr2                           sfr2         00000
__Hsfr20                          sfr20        00000
__Hsfr21                          sfr21        00000
__Hsfr22                          sfr22        00000
__Hsfr23                          sfr23        00000
__Hsfr24                          sfr24        00000
__Hsfr25                          sfr25        00000
__Hsfr26                          sfr26        00000
__Hsfr27                          sfr27        00000
__Hsfr28                          sfr28        00000
__Hsfr29                          sfr29        00000
__Hsfr3                           sfr3         00000
__Hsfr30                          sfr30        00000
__Hsfr31                          sfr31        00000
__Hsfr4                           sfr4         00000
__Hsfr5                           sfr5         00000
__Hsfr6                           sfr6         00000
__Hsfr7                           sfr7         00000
__Hsfr8                           sfr8         00000
__Hsfr9                           sfr9         00000
__Hspace_0                        (abs)        01800
__Hspace_1                        (abs)        001E4
__Hspace_2                        (abs)        00000
__Hspace_3                        (abs)        00000
__Hspace_4                        (abs)        10010
__Hstack                          stack        00000
__Hstrings                        strings      00000
__Hstringtext1                    stringtext1  00000
__Htext                           text         00000
__Labs1                           abs1         00000
__Lbank0                          bank0        00000
__Lbank1                          bank1        00000
__Lbank10                         bank10       00000
__Lbank11                         bank11       00000
__Lbank12                         bank12       00000
__Lbank13                         bank13       00000
__Lbank14                         bank14       00000
__Lbank15                         bank15       00000
__Lbank16                         bank16       00000
__Lbank17                         bank17       00000
__Lbank18                         bank18       00000
__Lbank19                         bank19       00000
__Lbank2                          bank2        00000
__Lbank20                         bank20       00000
__Lbank21                         bank21       00000
__Lbank22                         bank22       00000
__Lbank23                         bank23       00000
__Lbank24                         bank24       00000
__Lbank25                         bank25       00000
__Lbank26                         bank26       00000
__Lbank27                         bank27       00000
__Lbank28                         bank28       00000
__Lbank29                         bank29       00000
__Lbank3                          bank3        00000
__Lbank30                         bank30       00000
__Lbank31                         bank31       00000
__Lbank4                          bank4        00000
__Lbank5                          bank5        00000
__Lbank6                          bank6        00000
__Lbank7                          bank7        00000
__Lbank8                          bank8        00000
__Lbank9                          bank9        00000
__Lbigram                         bigram       00000
__LbssBANK0                       bssBANK0     00000
__LbssBANK1                       bssBANK1     00000
__LbssBANK2                       bssBANK2     00000
__LbssBANK3                       bssBANK3     00000
__Lcinit                          cinit        00049
__Lclrtext                        clrtext      00000
__Lcode                           code         00000
__Lcommon                         common       00000
__Lconfig                         config       00000
__LcstackBANK0                    cstackBANK0  00000
__LcstackBANK1                    cstackBANK1  00000
__LcstackCOMMON                   cstackCOMMON 00000
__Leeprom_data                    eeprom_data  00000
__Lend_init                       end_init     00047
__Lfunctab                        functab      00000
__Linit                           init         00047
__Lintentry                       intentry     00004
__Lmaintext                       maintext     00000
__Lpowerup                        powerup      00000
__Lram                            ram          00000
__Lreset_vec                      reset_vec    00000
__Lsfr0                           sfr0         00000
__Lsfr1                           sfr1         00000
__Lsfr10                          sfr10        00000
__Lsfr11                          sfr11        00000
__Lsfr12                          sfr12        00000
__Lsfr13                          sfr13        00000
__Lsfr14                          sfr14        00000
__Lsfr15                          sfr15        00000
__Lsfr16                          sfr16        00000
__Lsfr17                          sfr17        00000
__Lsfr18                          sfr18        00000
__Lsfr19                          sfr19        00000
__Lsfr2                           sfr2         00000
__Lsfr20                          sfr20        00000
__Lsfr21                          sfr21        00000
__Lsfr22                          sfr22        00000
__Lsfr23                          sfr23        00000
__Lsfr24                          sfr24        00000
__Lsfr25                          sfr25        00000
__Lsfr26                          sfr26        00000
__Lsfr27                          sfr27        00000
__Lsfr28                          sfr28        00000
__Lsfr29                          sfr29        00000
__Lsfr3                           sfr3         00000
__Lsfr30                          sfr30        00000
__Lsfr31                          sfr31        00000
__Lsfr4                           sfr4         00000
__Lsfr5                           sfr5         00000
__Lsfr6                           sfr6         00000
__Lsfr7                           sfr7         00000
__Lsfr8                           sfr8         00000
__Lsfr9                           sfr9         00000
__Lspace_0                        (abs)        00000
__Lspace_1                        (abs)        00000
__Lspace_2                        (abs)        00000
__Lspace_3                        (abs)        00000
__Lspace_4                        (abs)        00000
__Lstack                          stack        00000
__Lstrings                        strings      00000
__Lstringtext1                    stringtext1  00000
__Ltext                           text         00000
__S0                              (abs)        01800
__S1                              (abs)        001E4
__S2                              (abs)        00000
__Umul8_16                        text46       0175F
__Umul8_16@multiplicand           cstackBANK0  00025
__Umul8_16@multiplier             cstackBANK0  0002D
__Umul8_16@product                cstackBANK0  00029
__Umul8_16@word_mpld              cstackBANK0  0002B
___bmul                           text18       0162C
___bmul@multiplicand              cstackBANK0  00025
___bmul@multiplier                cstackBANK0  00028
___bmul@product                   cstackBANK0  00027
___fldiv                          text47       004D6
___fldiv@a                        cstackBANK0  00033
___fldiv@aexp                     cstackBANK0  0004C
___fldiv@b                        cstackBANK0  00037
___fldiv@bexp                     cstackBANK0  0004B
___fldiv@grs                      cstackBANK0  00047
___fldiv@new_exp                  cstackBANK0  00045
___fldiv@rem                      cstackBANK0  00040
___fldiv@sign                     cstackBANK0  00044
___flmul                          text45       0007F
___flmul@a                        cstackBANK0  00037
___flmul@aexp                     cstackBANK0  00041
___flmul@b                        cstackBANK0  00033
___flmul@bexp                     cstackBANK0  00046
___flmul@grs                      cstackBANK0  00042
___flmul@prod                     cstackBANK0  00047
___flmul@sign                     cstackBANK0  00040
___flmul@temp                     cstackBANK0  0004B
___fltol                          text44       00C4D
___fltol@exp1                     cstackBANK0  00057
___fltol@f1                       cstackBANK0  0004D
___fltol@sign1                    cstackBANK0  00056
___int_sp                         stack        00000
___latbits                        (abs)        00002
___lwmod                          text41       008BB
___lwmod@counter                  cstackBANK0  0002A
___lwmod@dividend                 cstackBANK0  00027
___lwmod@divisor                  cstackBANK0  00025
___sp                             stack        00000
___stackhi                        (abs)        0216F
___stacklo                        (abs)        02134
___xxtofl                         text43       00E70
___xxtofl@arg                     cstackBANK0  0002F
___xxtofl@exp                     cstackBANK0  0002E
___xxtofl@sign                    cstackBANK0  0002D
___xxtofl@val                     cstackBANK0  00025
__end_of_APPL_TASK_10MS           text34       00BE0
__end_of_AcquireADCChan           text33       016F6
__end_of_Appl_Init                text31       01585
__end_of_ClickLed                 text58       01593
__end_of_GetVoltage               text6        015AE
__end_of_Get_PWM1Cmd              text51       01579
__end_of_Get_PWM2Cmd              text50       0157C
__end_of_Get_Slope1               text49       0157F
__end_of_ISR                      intentry     00047
__end_of_IsEmpty                  text36       015C3
__end_of_IsFull                   text42       00A14
__end_of_KeepDistance             text48       00888
__end_of_LinearTransiant          text39       007EB
__end_of_MCU_Init                 text30       00A53
__end_of_NRF24L01_Init            text24       015CF
__end_of_NRF_Available            text55       0162C
__end_of_NRF_GetStatus            text56       01619
__end_of_NRF_OpenReadingPipe      text17       00DCE
__end_of_NRF_PipeEnable           text20       01719
__end_of_NRF_PipeEnableAA         text19       0173C
__end_of_NRF_ReadPayload          text53       00A94
__end_of_NRF_Read_Register        text22       00961
__end_of_NRF_SetART               text16       017AA
__end_of_NRF_SetAddrWidth         text15       008BB
__end_of_NRF_SetCRCLen            text14       00826
__end_of_NRF_SetRFChannel         text13       017D4
__end_of_NRF_SetRFDataRate        text12       01800
__end_of_NRF_SetRFPower           text11       0099C
__end_of_NRF_SetTxAddr            text10       007FF
__end_of_NRF_Set_SPI_Handler      text25       0158B
__end_of_NRF_StartListening       text9        016B1
__end_of_NRF_StopListening        text5        01691
__end_of_NRF_WritePayload         text4        009D7
__end_of_NRF_Write_Register       text21       00928
__end_of_NVM_Init                 text26       00C4D
__end_of_NVM_Read                 text29       01607
__end_of_NVM_Read_Buff            text8        0175F
__end_of_NVM_Write_Row            text27       00AE2
__end_of_NWM_Unlock               text28       015A5
__end_of_NetworkInit              text7        01000
__end_of_NetworkManager           text3        00E70
__end_of_QueueInit                text32       015E9
__end_of_RefreshVoltage           text2        015B7
__end_of_SPI_Exchange             text23       015F7
__end_of_SetPWM1                  text38       0165A
__end_of_SetPWM2                  text37       01672
__end_of_Task_LedManager          text1        016D3
__end_of__Umul8_16                text46       01783
__end_of___bmul                   text18       01642
__end_of___fldiv                  text47       0068A
__end_of___flmul                  text45       002D6
__end_of___fltol                  text44       00CC2
__end_of___lwmod                  text41       008F0
__end_of___xxtofl                 text43       00F1D
__end_of__initialization          cinit        0007B
__end_of_deQueue                  text35       00B32
__end_of_enQueue                  text40       00B83
__end_of_gamma10                  stringtext1  004D6
__end_of_main                     maintext     00D37
__end_ofi1_NRF_Write_Register     text54       00857
__end_ofi1_SPI_Exchange           text57       0159C
__initialization                  cinit        00049
__pbssBANK0                       bssBANK0     00064
__pbssBANK1                       bssBANK1     000D8
__pbssBANK2                       bssBANK2     00120
__pbssBANK3                       bssBANK3     001A0
__pbssBIGRAM                      (abs)        02170
__pcstackBANK0                    cstackBANK0  00020
__pcstackBANK1                    cstackBANK1  000A0
__pcstackCOMMON                   cstackCOMMON 00070
__pintentry                       intentry     00004
__pmaintext                       maintext     00CC2
__pstringtext1                    stringtext1  002D6
__ptext1                          text1        016B1
__ptext10                         text10       007EB
__ptext11                         text11       00961
__ptext12                         text12       017D4
__ptext13                         text13       017AA
__ptext14                         text14       00802
__ptext15                         text15       00888
__ptext16                         text16       01783
__ptext17                         text17       00D37
__ptext18                         text18       0162C
__ptext19                         text19       01719
__ptext2                          text2        015AE
__ptext20                         text20       016F6
__ptext21                         text21       008F0
__ptext22                         text22       00928
__ptext23                         text23       015E9
__ptext24                         text24       015C3
__ptext25                         text25       01585
__ptext26                         text26       00BE0
__ptext27                         text27       00A94
__ptext28                         text28       0159C
__ptext29                         text29       015F7
__ptext3                          text3        00DCE
__ptext30                         text30       00A14
__ptext31                         text31       0157F
__ptext32                         text32       015DB
__ptext33                         text33       016D3
__ptext34                         text34       00B83
__ptext35                         text35       00AE2
__ptext36                         text36       015B7
__ptext37                         text37       0165A
__ptext38                         text38       01642
__ptext39                         text39       0068A
__ptext4                          text4        0099C
__ptext40                         text40       00B32
__ptext41                         text41       008BB
__ptext42                         text42       009D7
__ptext43                         text43       00E70
__ptext44                         text44       00C4D
__ptext45                         text45       0007F
__ptext46                         text46       0175F
__ptext47                         text47       004D6
__ptext48                         text48       00857
__ptext49                         text49       0157C
__ptext5                          text5        01672
__ptext50                         text50       01579
__ptext51                         text51       01576
__ptext53                         text53       00A53
__ptext54                         text54       00826
__ptext55                         text55       01619
__ptext56                         text56       01607
__ptext57                         text57       01593
__ptext58                         text58       0158B
__ptext6                          text6        015A5
__ptext7                          text7        00F1D
__ptext8                          text8        0173C
__ptext9                          text9        01691
__size_of_APPL_TASK_10MS          (abs)        00000
__size_of_AcquireADCChan          (abs)        00000
__size_of_Appl_Init               (abs)        00000
__size_of_ClickLed                (abs)        00000
__size_of_GetVoltage              (abs)        00000
__size_of_Get_PWM1Cmd             (abs)        00000
__size_of_Get_PWM2Cmd             (abs)        00000
__size_of_Get_Slope1              (abs)        00000
__size_of_ISR                     (abs)        00000
__size_of_IsEmpty                 (abs)        00000
__size_of_IsFull                  (abs)        00000
__size_of_KeepDistance            (abs)        00000
__size_of_LinearTransiant         (abs)        00000
__size_of_MCU_Init                (abs)        00000
__size_of_NRF24L01_Init           (abs)        00000
__size_of_NRF_Available           (abs)        00000
__size_of_NRF_GetStatus           (abs)        00000
__size_of_NRF_OpenReadingPipe     (abs)        00000
__size_of_NRF_PipeEnable          (abs)        00000
__size_of_NRF_PipeEnableAA        (abs)        00000
__size_of_NRF_ReadPayload         (abs)        00000
__size_of_NRF_Read_Register       (abs)        00000
__size_of_NRF_SetART              (abs)        00000
__size_of_NRF_SetAddrWidth        (abs)        00000
__size_of_NRF_SetCRCLen           (abs)        00000
__size_of_NRF_SetRFChannel        (abs)        00000
__size_of_NRF_SetRFDataRate       (abs)        00000
__size_of_NRF_SetRFPower          (abs)        00000
__size_of_NRF_SetTxAddr           (abs)        00000
__size_of_NRF_Set_SPI_Handler     (abs)        00000
__size_of_NRF_StartListening      (abs)        00000
__size_of_NRF_StopListening       (abs)        00000
__size_of_NRF_WritePayload        (abs)        00000
__size_of_NRF_Write_Register      (abs)        00000
__size_of_NVM_Init                (abs)        00000
__size_of_NVM_Read                (abs)        00000
__size_of_NVM_Read_Buff           (abs)        00000
__size_of_NVM_Write_Row           (abs)        00000
__size_of_NWM_Unlock              (abs)        00000
__size_of_NetworkInit             (abs)        00000
__size_of_NetworkManager          (abs)        00000
__size_of_QueueInit               (abs)        00000
__size_of_RefreshVoltage          (abs)        00000
__size_of_SPI_Exchange            (abs)        00000
__size_of_SetPWM1                 (abs)        00000
__size_of_SetPWM2                 (abs)        00000
__size_of_Task_LedManager         (abs)        00000
__size_of__Umul8_16               (abs)        00000
__size_of___bmul                  (abs)        00000
__size_of___fldiv                 (abs)        00000
__size_of___flmul                 (abs)        00000
__size_of___fltol                 (abs)        00000
__size_of___lwmod                 (abs)        00000
__size_of___xxtofl                (abs)        00000
__size_of_deQueue                 (abs)        00000
__size_of_enQueue                 (abs)        00000
__size_of_main                    (abs)        00000
__size_ofi1_NRF_Write_Register    (abs)        00000
__size_ofi1_SPI_Exchange          (abs)        00000
_deQueue                          text35       00AE2
_enQueue                          text40       00B32
_gamma10                          stringtext1  002D6
_main                             maintext     00CC2
_p_NRF_SPI_Exchange               bssBANK0     00064
btemp                             (abs)        0007E
clear_ram0                        clrtext      015CF
deQueue@element                   cstackBANK0  0002E
enQueue@element                   cstackBANK0  0002F
end_of_initialization             cinit        0007B
i1NRF_Write_Register@Bytes        cstackCOMMON 00071
i1NRF_Write_Register@Length       cstackCOMMON 00073
i1NRF_Write_Register@Register     cstackCOMMON 00078
i1NRF_Write_Register@i            cstackCOMMON 00079
i1SPI_Exchange@Data               cstackCOMMON 00070
i1_NRF_Write_Register             text54       00826
i1_SPI_Exchange                   text57       01593
int$flags                         (abs)        0007E
intlevel0                         functab      00000
intlevel1                         functab      00000
intlevel2                         functab      00000
intlevel3                         functab      00000
intlevel4                         functab      00000
intlevel5                         functab      00000
main@PreviousTick                 cstackBANK1  000D6
main@Task1000ms                   cstackBANK1  000D4
main@Task100ms                    cstackBANK1  000D2
main@Task10ms                     cstackBANK1  000D0
reset_vec                         reset_vec    00000
start                             init         00047
start_initialization              cinit        00049
wtemp0                            (abs)        0007E


FUNCTION INFORMATION:

 *************** function _main *****************
 Defined at:
		line 11 in file "02-SRC/02-APPLICATION/main.c"
 Parameters:    Size  Location     Type
		None
 Auto vars:     Size  Location     Type
  PreviousTick    2   54[BANK1 ] unsigned short 
  Task1000ms      2   52[BANK1 ] unsigned short 
  Task100ms       2   50[BANK1 ] unsigned short 
  Task10ms        2   48[BANK1 ] unsigned short 
 Return value:  Size  Location     Type
                  1    wreg      void 
 Registers used:
		wreg, fsr0l, fsr0h, fsr1l, fsr1h, status,2, status,0, pclath, cstack
 Tracked objects:
		On entry : 
		On exit  : 
		Unchanged: 
 Data sizes:     COMMON   BANK0   BANK1   BANK2   BANK3   BANK4   BANK5   BANK6
      Params:         0       0       0       0       0       0       0       0
      Locals:         0       0       8       0       0       0       0       0
      Temps:          0       0       0       0       0       0       0       0
      Totals:         0       0       8       0       0       0       0       0
Total ram usage:        8 bytes
 Hardware stack levels required when called:    9
 This function calls:
		_APPL_TASK_10MS
		_AcquireADCChan
		_Appl_Init
		_MCU_Init
		_NVM_Init
		_NetworkInit
		_NetworkManager
		_RefreshVoltage
		_Task_LedManager
 This function is called by:
		Startup code after reset
 This function uses a non-reentrant model


 *************** function _Task_LedManager *****************
 Defined at:
		line 147 in file "02-SRC/02-APPLICATION/Appl.c"
 Parameters:    Size  Location     Type
		None
 Auto vars:     Size  Location     Type
		None
 Return value:  Size  Location     Type
                  1    wreg      void 
 Registers used:
		wreg, status,2, status,0
 Tracked objects:
		On entry : 
		On exit  : 
		Unchanged: 
 Data sizes:     COMMON   BANK0   BANK1   BANK2   BANK3   BANK4   BANK5   BANK6
      Params:         0       0       0       0       0       0       0       0
      Locals:         0       0       0       0       0       0       0       0
      Temps:          0       0       0       0       0       0       0       0
      Totals:         0       0       0       0       0       0       0       0
Total ram usage:        0 bytes
 Hardware stack levels used:    1
 Hardware stack levels required when called:    4
 This function calls:
		Nothing
 This function is called by:
		_main
 This function uses a non-reentrant model


 *************** function _RefreshVoltage *****************
 Defined at:
		line 185 in file "02-SRC/02-APPLICATION/Appl.c"
 Parameters:    Size  Location     Type
  Value           2   11[BANK0 ] unsigned short 
 Auto vars:     Size  Location     Type
		None
 Return value:  Size  Location     Type
                  1    wreg      void 
 Registers used:
		wreg
 Tracked objects:
		On entry : 
		On exit  : 
		Unchanged: 
 Data sizes:     COMMON   BANK0   BANK1   BANK2   BANK3   BANK4   BANK5   BANK6
      Params:         0       2       0       0       0       0       0       0
      Locals:         0       0       0       0       0       0       0       0
      Temps:          0       0       0       0       0       0       0       0
      Totals:         0       2       0       0       0       0       0       0
Total ram usage:        2 bytes
 Hardware stack levels used:    1
 Hardware stack levels required when called:    4
 This function calls:
		Nothing
 This function is called by:
		_main
 This function uses a non-reentrant model


 *************** function _NetworkManager *****************
 Defined at:
		line 52 in file "02-SRC/03-NETWORK/network.c"
 Parameters:    Size  Location     Type
		None
 Auto vars:     Size  Location     Type
		None
 Return value:  Size  Location     Type
                  1    wreg      void 
 Registers used:
		wreg, fsr0l, fsr0h, fsr1l, fsr1h, status,2, status,0, pclath, cstack
 Tracked objects:
		On entry : 
		On exit  : 
		Unchanged: 
 Data sizes:     COMMON   BANK0   BANK1   BANK2   BANK3   BANK4   BANK5   BANK6
      Params:         0       0       0       0       0       0       0       0
      Locals:         0       0       0       0       0       0       0       0
      Temps:          0       2       0       0       0       0       0       0
      Totals:         0       2       0       0       0       0       0       0
Total ram usage:        2 bytes
 Hardware stack levels used:    1
 Hardware stack levels required when called:    7
 This function calls:
		_GetVoltage
		_NRF_StartListening
		_NRF_StopListening
		_NRF_WritePayload
 This function is called by:
		_main
 This function uses a non-reentrant model


 *************** function _NRF_WritePayload *****************
 Defined at:
		line 61 in file "02-SRC/04-DRIVER/NRF24L01/NRF24L01.c"
 Parameters:    Size  Location     Type
  Payload         1    wreg     PTR unsigned char 
		 -> DataTx(8), 
  PayloadLengt    1    6[BANK0 ] unsigned char 
 Auto vars:     Size  Location     Type
  Payload         1    9[BANK0 ] PTR unsigned char 
		 -> DataTx(8), 
  i               1   10[BANK0 ] unsigned char 
 Return value:  Size  Location     Type
                  1    wreg      void 
 Registers used:
		wreg, fsr1l, fsr1h, status,2, status,0, pclath, cstack
 Tracked objects:
		On entry : 
		On exit  : 
		Unchanged: 
 Data sizes:     COMMON   BANK0   BANK1   BANK2   BANK3   BANK4   BANK5   BANK6
      Params:         0       1       0       0       0       0       0       0
      Locals:         0       2       0       0       0       0       0       0
      Temps:          0       2       0       0       0       0       0       0
      Totals:         0       5       0       0       0       0       0       0
Total ram usage:        5 bytes
 Hardware stack levels used:    1
 Hardware stack levels required when called:    5
 This function calls:
		Absolute function
		_SPI_Exchange
 This function is called by:
		_NetworkManager
 This function uses a non-reentrant model


 *************** function _NRF_StopListening *****************
 Defined at:
		line 198 in file "02-SRC/04-DRIVER/NRF24L01/NRF24L01.c"
 Parameters:    Size  Location     Type
		None
 Auto vars:     Size  Location     Type
		None
 Return value:  Size  Location     Type
                  1    wreg      void 
 Registers used:
		wreg, fsr1l, fsr1h, status,2, status,0, pclath, cstack
 Tracked objects:
		On entry : 
		On exit  : 
		Unchanged: 
 Data sizes:     COMMON   BANK0   BANK1   BANK2   BANK3   BANK4   BANK5   BANK6
      Params:         0       0       0       0       0       0       0       0
      Locals:         0       0       0       0       0       0       0       0
      Temps:          0       1       0       0       0       0       0       0
      Totals:         0       1       0       0       0       0       0       0
Total ram usage:        1 bytes
 Hardware stack levels used:    1
 Hardware stack levels required when called:    6
 This function calls:
		_NRF_Read_Register
		_NRF_Write_Register
 This function is called by:
		_NetworkManager
 This function uses a non-reentrant model


 *************** function _GetVoltage *****************
 Defined at:
		line 189 in file "02-SRC/02-APPLICATION/Appl.c"
 Parameters:    Size  Location     Type
		None
 Auto vars:     Size  Location     Type
		None
 Return value:  Size  Location     Type
                  2    5[BANK0 ] unsigned short 
 Registers used:
		wreg
 Tracked objects:
		On entry : 
		On exit  : 
		Unchanged: 
 Data sizes:     COMMON   BANK0   BANK1   BANK2   BANK3   BANK4   BANK5   BANK6
      Params:         0       2       0       0       0       0       0       0
      Locals:         0       0       0       0       0       0       0       0
      Temps:          0       0       0       0       0       0       0       0
      Totals:         0       2       0       0       0       0       0       0
Total ram usage:        2 bytes
 Hardware stack levels used:    1
 Hardware stack levels required when called:    4
 This function calls:
		Nothing
 This function is called by:
		_NetworkManager
 This function uses a non-reentrant model


 *************** function _NetworkInit *****************
 Defined at:
		line 18 in file "02-SRC/03-NETWORK/network.c"
 Parameters:    Size  Location     Type
		None
 Auto vars:     Size  Location     Type
  EEPROM_Row     32    0[BANK1 ] unsigned char [32]
  TxAddr          5   42[BANK1 ] unsigned char [5]
  AddrPipe1       5   37[BANK1 ] unsigned char [5]
  AddrPipe0       5   32[BANK1 ] unsigned char [5]
  i               1   47[BANK1 ] unsigned char 
 Return value:  Size  Location     Type
                  1    wreg      void 
 Registers used:
		wreg, fsr1l, fsr1h, status,2, status,0, pclath, cstack
 Tracked objects:
		On entry : 
		On exit  : 
		Unchanged: 
 Data sizes:     COMMON   BANK0   BANK1   BANK2   BANK3   BANK4   BANK5   BANK6
      Params:         0       0       0       0       0       0       0       0
      Locals:         0       0      48       0       0       0       0       0
      Temps:          0       2       0       0       0       0       0       0
      Totals:         0       2      48       0       0       0       0       0
Total ram usage:       50 bytes
 Hardware stack levels used:    1
 Hardware stack levels required when called:    8
 This function calls:
		_NRF24L01_Init
		_NRF_OpenReadingPipe
		_NRF_SetART
		_NRF_SetAddrWidth
		_NRF_SetCRCLen
		_NRF_SetRFChannel
		_NRF_SetRFDataRate
		_NRF_SetRFPower
		_NRF_SetTxAddr
		_NRF_StartListening
		_NVM_Read_Buff
 This function is called by:
		_main
 This function uses a non-reentrant model


 *************** function _NVM_Read_Buff *****************
 Defined at:
		line 141 in file "02-SRC/04-DRIVER/target.c"
 Parameters:    Size  Location     Type
  address         2    7[BANK0 ] unsigned short 
  RBuff           1    9[BANK0 ] PTR unsigned char 
		 -> NetworkInit@EEPROM_Row(32), 
  length          1   10[BANK0 ] unsigned char 
 Auto vars:     Size  Location     Type
  i               1   13[BANK0 ] unsigned char 
 Return value:  Size  Location     Type
                  1    wreg      void 
 Registers used:
		wreg, fsr1l, fsr1h, status,2, status,0, pclath, cstack
 Tracked objects:
		On entry : 
		On exit  : 
		Unchanged: 
 Data sizes:     COMMON   BANK0   BANK1   BANK2   BANK3   BANK4   BANK5   BANK6
      Params:         0       4       0       0       0       0       0       0
      Locals:         0       1       0       0       0       0       0       0
      Temps:          0       2       0       0       0       0       0       0
      Totals:         0       7       0       0       0       0       0       0
Total ram usage:        7 bytes
 Hardware stack levels used:    1
 Hardware stack levels required when called:    5
 This function calls:
		_NVM_Read
 This function is called by:
		_NetworkInit
 This function uses a non-reentrant model


 *************** function _NRF_StartListening *****************
 Defined at:
		line 189 in file "02-SRC/04-DRIVER/NRF24L01/NRF24L01.c"
 Parameters:    Size  Location     Type
		None
 Auto vars:     Size  Location     Type
		None
 Return value:  Size  Location     Type
                  1    wreg      void 
 Registers used:
		wreg, fsr1l, fsr1h, status,2, status,0, pclath, cstack
 Tracked objects:
		On entry : 
		On exit  : 
		Unchanged: 
 Data sizes:     COMMON   BANK0   BANK1   BANK2   BANK3   BANK4   BANK5   BANK6
      Params:         0       0       0       0       0       0       0       0
      Locals:         0       0       0       0       0       0       0       0
      Temps:          0       1       0       0       0       0       0       0
      Totals:         0       1       0       0       0       0       0       0
Total ram usage:        1 bytes
 Hardware stack levels used:    1
 Hardware stack levels required when called:    6
 This function calls:
		_NRF_Read_Register
		_NRF_Write_Register
 This function is called by:
		_NetworkInit
		_NetworkManager
 This function uses a non-reentrant model


 *************** function _NRF_SetTxAddr *****************
 Defined at:
		line 103 in file "02-SRC/04-DRIVER/NRF24L01/NRF24L01.c"
 Parameters:    Size  Location     Type
  PipeAddr        1    wreg     PTR unsigned char 
		 -> NetworkInit@TxAddr(5), 
 Auto vars:     Size  Location     Type
  PipeAddr        1   20[BANK0 ] PTR unsigned char 
		 -> NetworkInit@TxAddr(5), 
 Return value:  Size  Location     Type
                  1    wreg      void 
 Registers used:
		wreg, fsr1l, fsr1h, status,2, status,0, pclath, cstack
 Tracked objects:
		On entry : 
		On exit  : 
		Unchanged: 
 Data sizes:     COMMON   BANK0   BANK1   BANK2   BANK3   BANK4   BANK5   BANK6
      Params:         0       0       0       0       0       0       0       0
      Locals:         0       1       0       0       0       0       0       0
      Temps:          0       2       0       0       0       0       0       0
      Totals:         0       3       0       0       0       0       0       0
Total ram usage:        3 bytes
 Hardware stack levels used:    1
 Hardware stack levels required when called:    6
 This function calls:
		_NRF_Write_Register
 This function is called by:
		_NetworkInit
 This function uses a non-reentrant model


 *************** function _NRF_SetRFPower *****************
 Defined at:
		line 160 in file "02-SRC/04-DRIVER/NRF24L01/NRF24L01.c"
 Parameters:    Size  Location     Type
  RF_Pow          1    wreg     unsigned char 
 Auto vars:     Size  Location     Type
  RF_Pow          1   22[BANK0 ] unsigned char 
 Return value:  Size  Location     Type
                  1    wreg      void 
 Registers used:
		wreg, fsr1l, fsr1h, status,2, status,0, pclath, cstack
 Tracked objects:
		On entry : 
		On exit  : 
		Unchanged: 
 Data sizes:     COMMON   BANK0   BANK1   BANK2   BANK3   BANK4   BANK5   BANK6
      Params:         0       0       0       0       0       0       0       0
      Locals:         0       3       0       0       0       0       0       0
      Temps:          0       2       0       0       0       0       0       0
      Totals:         0       5       0       0       0       0       0       0
Total ram usage:        5 bytes
 Hardware stack levels used:    1
 Hardware stack levels required when called:    6
 This function calls:
		_NRF_Read_Register
		_NRF_Write_Register
 This function is called by:
		_NetworkInit
 This function uses a non-reentrant model


 *************** function _NRF_SetRFDataRate *****************
 Defined at:
		line 167 in file "02-SRC/04-DRIVER/NRF24L01/NRF24L01.c"
 Parameters:    Size  Location     Type
  Datarate        1    wreg     unsigned char 
 Auto vars:     Size  Location     Type
  Datarate        1   19[BANK0 ] unsigned char 
 Return value:  Size  Location     Type
                  1    wreg      void 
 Registers used:
		wreg, fsr1l, fsr1h, status,2, status,0, pclath, cstack
 Tracked objects:
		On entry : 
		On exit  : 
		Unchanged: 
 Data sizes:     COMMON   BANK0   BANK1   BANK2   BANK3   BANK4   BANK5   BANK6
      Params:         0       0       0       0       0       0       0       0
      Locals:         0       1       0       0       0       0       0       0
      Temps:          0       1       0       0       0       0       0       0
      Totals:         0       2       0       0       0       0       0       0
Total ram usage:        2 bytes
 Hardware stack levels used:    1
 Hardware stack levels required when called:    6
 This function calls:
		_NRF_Read_Register
		_NRF_Write_Register
 This function is called by:
		_NetworkInit
 This function uses a non-reentrant model


 *************** function _NRF_SetRFChannel *****************
 Defined at:
		line 154 in file "02-SRC/04-DRIVER/NRF24L01/NRF24L01.c"
 Parameters:    Size  Location     Type
  RF_Channel      1    wreg     unsigned char 
 Auto vars:     Size  Location     Type
  RF_Channel      1   22[BANK0 ] unsigned char 
 Return value:  Size  Location     Type
                  1    wreg      void 
 Registers used:
		wreg, fsr1l, fsr1h, status,2, status,0, pclath, cstack
 Tracked objects:
		On entry : 
		On exit  : 
		Unchanged: 
 Data sizes:     COMMON   BANK0   BANK1   BANK2   BANK3   BANK4   BANK5   BANK6
      Params:         0       0       0       0       0       0       0       0
      Locals:         0       3       0       0       0       0       0       0
      Temps:          0       2       0       0       0       0       0       0
      Totals:         0       5       0       0       0       0       0       0
Total ram usage:        5 bytes
 Hardware stack levels used:    1
 Hardware stack levels required when called:    6
 This function calls:
		_NRF_Write_Register
 This function is called by:
		_NetworkInit
 This function uses a non-reentrant model


 *************** function _NRF_SetCRCLen *****************
 Defined at:
		line 147 in file "02-SRC/04-DRIVER/NRF24L01/NRF24L01.c"
 Parameters:    Size  Location     Type
[...]


 *************** function __Umul8_16 *****************
 Defined at:
		line 4 in file "C:\Program Files (x86)\Microchip\xc8\pic\sources\c99\common\Umul8_16.c"
 Parameters:    Size  Location     Type
  multiplier      1    wreg     unsigned char 
  multiplicand    1    5[BANK0 ] unsigned char 
 Auto vars:     Size  Location     Type
  multiplier      1   13[BANK0 ] unsigned char 
  word_mpld       2   11[BANK0 ] unsigned int 
  product         2    9[BANK0 ] unsigned int 
 Return value:  Size  Location     Type
                  2    5[BANK0 ] unsigned int 
 Registers used:
		wreg, status,2, status,0
 Tracked objects:
		On entry : 
		On exit  : 
		Unchanged: 
 Data sizes:     COMMON   BANK0   BANK1   BANK2   BANK3   BANK4   BANK5   BANK6
      Params:         0       2       0       0       0       0       0       0
      Locals:         0       5       0       0       0       0       0       0
      Temps:          0       2       0       0       0       0       0       0
      Totals:         0       9       0       0       0       0       0       0
Total ram usage:        9 bytes
 Hardware stack levels used:    1
 Hardware stack levels required when called:    4
 This function calls:
		Nothing
 This function is called by:
		___flmul
 This function uses a non-reentrant model


 *************** function ___fldiv *****************
 Defined at:
		line 8 in file "C:\Program Files (x86)\Microchip\xc8\pic\sources\c99\common\sprcdiv.c"
 Parameters:    Size  Location     Type
  a               4   19[BANK0 ] unsigned int 
  b               4   23[BANK0 ] unsigned int 
 Auto vars:     Size  Location     Type
  grs             4   39[BANK0 ] unsigned long 
  rem             4   32[BANK0 ] unsigned long 
  new_exp         2   37[BANK0 ] int 
  aexp            1   44[BANK0 ] unsigned char 
  bexp            1   43[BANK0 ] unsigned char 
  sign            1   36[BANK0 ] unsigned char 
 Return value:  Size  Location     Type
                  4   19[BANK0 ] unsigned char 
 Registers used:
		wreg, status,2, status,0
 Tracked objects:
		On entry : 
		On exit  : 
		Unchanged: 
 Data sizes:     COMMON   BANK0   BANK1   BANK2   BANK3   BANK4   BANK5   BANK6
      Params:         0       8       0       0       0       0       0       0
      Locals:         0      13       0       0       0       0       0       0
      Temps:          0       5       0       0       0       0       0       0
      Totals:         0      26       0       0       0       0       0       0
Total ram usage:       26 bytes
 Hardware stack levels used:    1
 Hardware stack levels required when called:    4
 This function calls:
		Nothing
 This function is called by:
		_LinearTransiant
 This function uses a non-reentrant model


 *************** function _KeepDistance *****************
 Defined at:
		line 63 in file "02-SRC/02-APPLICATION/Appl.c"
 Parameters:    Size  Location     Type
  amount          1    wreg     unsigned char 
 Auto vars:     Size  Location     Type
  amount          1    8[BANK0 ] unsigned char 
  diff            2    6[BANK0 ] short 
  retVal          1    9[BANK0 ] unsigned char 
 Return value:  Size  Location     Type
                  1    wreg      unsigned char 
 Registers used:
		wreg, status,2, status,0
 Tracked objects:
		On entry : 
		On exit  : 
		Unchanged: 
 Data sizes:     COMMON   BANK0   BANK1   BANK2   BANK3   BANK4   BANK5   BANK6
      Params:         0       0       0       0       0       0       0       0
      Locals:         0       4       0       0       0       0       0       0
      Temps:          0       1       0       0       0       0       0       0
      Totals:         0       5       0       0       0       0       0       0
Total ram usage:        5 bytes
 Hardware stack levels used:    1
 Hardware stack levels required when called:    4
 This function calls:
		Nothing
 This function is called by:
		_APPL_TASK_10MS
 This function uses a non-reentrant model


 *************** function _Get_Slope1 *****************
 Defined at:
		line 121 in file "02-SRC/03-NETWORK/network.c"
 Parameters:    Size  Location     Type
		None
 Auto vars:     Size  Location     Type
		None
 Return value:  Size  Location     Type
                  1    wreg      unsigned char 
 Registers used:
		wreg
 Tracked objects:
		On entry : 
		On exit  : 
		Unchanged: 
 Data sizes:     COMMON   BANK0   BANK1   BANK2   BANK3   BANK4   BANK5   BANK6
      Params:         0       0       0       0       0       0       0       0
      Locals:         0       0       0       0       0       0       0       0
      Temps:          0       0       0       0       0       0       0       0
      Totals:         0       0       0       0       0       0       0       0
Total ram usage:        0 bytes
 Hardware stack levels used:    1
 Hardware stack levels required when called:    4
 This function calls:
		Nothing
 This function is called by:
		_APPL_TASK_10MS
 This function uses a non-reentrant model


 *************** function _Get_PWM2Cmd *****************
 Defined at:
		line 117 in file "02-SRC/03-NETWORK/network.c"
 Parameters:    Size  Location     Type
		None
 Auto vars:     Size  Location     Type
		None
 Return value:  Size  Location     Type
                  1    wreg      unsigned char 
 Registers used:
		wreg
 Tracked objects:
		On entry : 
		On exit  : 
		Unchanged: 
 Data sizes:     COMMON   BANK0   BANK1   BANK2   BANK3   BANK4   BANK5   BANK6
      Params:         0       0       0       0       0       0       0       0
      Locals:         0       0       0       0       0       0       0       0
      Temps:          0       0       0       0       0       0       0       0
      Totals:         0       0       0       0       0       0       0       0
Total ram usage:        0 bytes
 Hardware stack levels used:    1
 Hardware stack levels required when called:    4
 This function calls:
		Nothing
 This function is called by:
		_APPL_TASK_10MS
 This function uses a non-reentrant model


 *************** function _Get_PWM1Cmd *****************
 Defined at:
		line 113 in file "02-SRC/03-NETWORK/network.c"
 Parameters:    Size  Location     Type
		None
 Auto vars:     Size  Location     Type
		None
 Return value:  Size  Location     Type
                  1    wreg      unsigned char 
 Registers used:
		wreg
 Tracked objects:
		On entry : 
		On exit  : 
		Unchanged: 
 Data sizes:     COMMON   BANK0   BANK1   BANK2   BANK3   BANK4   BANK5   BANK6
      Params:         0       0       0       0       0       0       0       0
      Locals:         0       0       0       0       0       0       0       0
      Temps:          0       0       0       0       0       0       0       0
      Totals:         0       0       0       0       0       0       0       0
Total ram usage:        0 bytes
 Hardware stack levels used:    1
 Hardware stack levels required when called:    4
 This function calls:
		Nothing
 This function is called by:
		_APPL_TASK_10MS
 This function uses a non-reentrant model


 *************** function _ISR *****************
 Defined at:
		line 195 in file "02-SRC/04-DRIVER/target.c"
 Parameters:    Size  Location     Type
		None
 Auto vars:     Size  Location     Type
  PipeNo          1    4[BANK0 ] unsigned char 
 Return value:  Size  Location     Type
                  1    wreg      void 
 Registers used:
		wreg, fsr1l, fsr1h, status,2, status,0, pclath, cstack
 Tracked objects:
		On entry : 
		On exit  : 
		Unchanged: 
 Data sizes:     COMMON   BANK0   BANK1   BANK2   BANK3   BANK4   BANK5   BANK6
      Params:         0       0       0       0       0       0       0       0
      Locals:         0       1       0       0       0       0       0       0
      Temps:          0       2       0       0       0       0       0       0
      Totals:         0       3       0       0       0       0       0       0
Total ram usage:        3 bytes
 Hardware stack levels used:    1
 Hardware stack levels required when called:    3
 This function calls:
		_ClickLed
		_NRF_Available
		_NRF_ReadPayload
 This function is called by:
		Interrupt level 1
 This function uses a non-reentrant model


 *************** function _NRF_ReadPayload *****************
 Defined at:
		line 47 in file "02-SRC/04-DRIVER/NRF24L01/NRF24L01.c"
 Parameters:    Size  Location     Type
  Payload         1    wreg     PTR unsigned char 
		 -> DataPipe(16), 
  PayloadLengt    1   10[COMMON] unsigned char 
 Auto vars:     Size  Location     Type
  Payload         1    0[BANK0 ] PTR unsigned char 
		 -> DataPipe(16), 
  i               1    1[BANK0 ] unsigned char 
 Return value:  Size  Location     Type
                  1    wreg      void 
 Registers used:
		wreg, fsr1l, fsr1h, status,2, status,0, pclath, cstack
 Tracked objects:
		On entry : 
		On exit  : 
		Unchanged: 
 Data sizes:     COMMON   BANK0   BANK1   BANK2   BANK3   BANK4   BANK5   BANK6
      Params:         1       0       0       0       0       0       0       0
      Locals:         0       2       0       0       0       0       0       0
      Temps:          3       0       0       0       0       0       0       0
      Totals:         4       2       0       0       0       0       0       0
Total ram usage:        6 bytes
 Hardware stack levels used:    1
 Hardware stack levels required when called:    2
 This function calls:
		Absolute function
		i1_NRF_Write_Register
		i1_SPI_Exchange
 This function is called by:
		_ISR
 This function uses a non-reentrant model


 *************** function i1_NRF_Write_Register *****************
 Defined at:
		line 23 in file "02-SRC/04-DRIVER/NRF24L01/NRF24L01.c"
 Parameters:    Size  Location     Type
  Register        1    wreg     unsigned char 
  Bytes           2    1[COMMON] PTR unsigned char 
		 -> NRF_PipeDisableAA@AA(1), NRF_PipeEnableAA@AA(1), NRF_PipeDisable@EN(1), NRF_PipeEnable@EN(1), 
		 -> NFR_RxPipes(36), NRFChip.STATUS(1), NRFChip(14), NetworkInit@TxAddr(5), 
  Length          1    3[COMMON] unsigned char 
 Auto vars:     Size  Location     Type
  Register        1    8[COMMON] unsigned char 
  i               1    9[COMMON] unsigned char 
  Status          1    0        unsigned char 
 Return value:  Size  Location     Type
                  1    wreg      unsigned char 
 Registers used:
		wreg, fsr1l, fsr1h, status,2, status,0, pclath, cstack
 Tracked objects:
		On entry : 
		On exit  : 
		Unchanged: 
 Data sizes:     COMMON   BANK0   BANK1   BANK2   BANK3   BANK4   BANK5   BANK6
      Params:         3       0       0       0       0       0       0       0
      Locals:         3       0       0       0       0       0       0       0
      Temps:          3       0       0       0       0       0       0       0
      Totals:         9       0       0       0       0       0       0       0
Total ram usage:        9 bytes
 Hardware stack levels used:    1
 Hardware stack levels required when called:    1
 This function calls:
		Absolute function
		i1_SPI_Exchange
 This function is called by:
		_NRF_ReadPayload
 This function uses a non-reentrant model


 *************** function _NRF_Available *****************
 Defined at:
		line 206 in file "02-SRC/04-DRIVER/NRF24L01/NRF24L01.c"
 Parameters:    Size  Location     Type
		None
 Auto vars:     Size  Location     Type
  PipiNo          1    4[COMMON] unsigned char 
 Return value:  Size  Location     Type
                  1    wreg      unsigned char 
 Registers used:
		wreg, status,2, status,0, pclath, cstack
 Tracked objects:
		On entry : 
		On exit  : 
		Unchanged: 
 Data sizes:     COMMON   BANK0   BANK1   BANK2   BANK3   BANK4   BANK5   BANK6
      Params:         0       0       0       0       0       0       0       0
      Locals:         1       0       0       0       0       0       0       0
      Temps:          1       0       0       0       0       0       0       0
      Totals:         2       0       0       0       0       0       0       0
Total ram usage:        2 bytes
 Hardware stack levels used:    1
 Hardware stack levels required when called:    2
 This function calls:
		_NRF_GetStatus
 This function is called by:
		_ISR
 This function uses a non-reentrant model


 *************** function _NRF_GetStatus *****************
 Defined at:
		line 217 in file "02-SRC/04-DRIVER/NRF24L01/NRF24L01.c"
 Parameters:    Size  Location     Type
		None
 Auto vars:     Size  Location     Type
		None
 Return value:  Size  Location     Type
                  1    wreg      unsigned char 
 Registers used:
		wreg, pclath, cstack
 Tracked objects:
		On entry : 
		On exit  : 
		Unchanged: 
 Data sizes:     COMMON   BANK0   BANK1   BANK2   BANK3   BANK4   BANK5   BANK6
      Params:         0       0       0       0       0       0       0       0
      Locals:         0       0       0       0       0       0       0       0
      Temps:          2       0       0       0       0       0       0       0
      Totals:         2       0       0       0       0       0       0       0
Total ram usage:        2 bytes
 Hardware stack levels used:    1
 Hardware stack levels required when called:    1
 This function calls:
		Absolute function
		i1_SPI_Exchange
 This function is called by:
		_NRF_Available
 This function uses a non-reentrant model


 *************** function i1_SPI_Exchange *****************
 Defined at:
		line 115 in file "02-SRC/04-DRIVER/target.c"
 Parameters:    Size  Location     Type
  Data            1    0[COMMON] unsigned char 
 Auto vars:     Size  Location     Type
		None
 Return value:  Size  Location     Type
                  1    wreg      unsigned char 
 Registers used:
		wreg
 Tracked objects:
		On entry : 
		On exit  : 
		Unchanged: 
 Data sizes:     COMMON   BANK0   BANK1   BANK2   BANK3   BANK4   BANK5   BANK6
      Params:         1       0       0       0       0       0       0       0
      Locals:         0       0       0       0       0       0       0       0
      Temps:          0       0       0       0       0       0       0       0
      Totals:         1       0       0       0       0       0       0       0
Total ram usage:        1 bytes
 Hardware stack levels used:    1
 This function calls:
		Nothing
 This function is called by:
		_NRF_Write_Register
		_NRF_Read_Register
		_NRF_WritePayload
		_NRF_GetStatus
		i1_NRF_Write_Register
		_NRF_ReadPayload
 This function uses a non-reentrant model


 *************** function _ClickLed *****************
 Defined at:
		line 162 in file "02-SRC/02-APPLICATION/Appl.c"
 Parameters:    Size  Location     Type
  DurationMs      2    0[COMMON] unsigned short 
 Auto vars:     Size  Location     Type
		None
 Return value:  Size  Location     Type
                  1    wreg      void 
 Registers used:
		wreg
 Tracked objects:
		On entry : 
		On exit  : 
		Unchanged: 
 Data sizes:     COMMON   BANK0   BANK1   BANK2   BANK3   BANK4   BANK5   BANK6
      Params:         2       0       0       0       0       0       0       0
      Locals:         0       0       0       0       0       0       0       0
      Temps:          0       0       0       0       0       0       0       0
      Totals:         2       0       0       0       0       0       0       0
Total ram usage:        2 bytes
 Hardware stack levels used:    1
 This function calls:
		Nothing
 This function is called by:
		_ISR
 This function uses a non-reentrant model



MODULE INFORMATION

Module		Function		Class		Link	Load	Size
C:\Program Files (x86)\Microchip\xc8\pic\sources\c99\common\sprcdiv.c
		___fldiv       		CODE           	04D6	0000	436

C:\Program Files (x86)\Microchip\xc8\pic\sources\c99\common\sprcdiv.c estimated size: 436

02-SRC/02-APPLICATION/Appl.c
		_KeepDistance  		CODE           	0857	0000	49
		_QueueInit     		CODE           	15DB	0000	14
		_RefreshVoltage		CODE           	15AE	0000	9
		_IsEmpty       		CODE           	15B7	0000	12
		_IsFull        		CODE           	09D7	0000	61
		_enQueue       		CODE           	0B32	0000	81
		_ClickLed      		CODE           	158B	0000	8
		_Appl_Init     		CODE           	157F	0000	6
		_GetVoltage    		CODE           	15A5	0000	9
		_APPL_TASK_10MS		CODE           	0B83	0000	93
		_Task_LedManager		CODE           	16B1	0000	34
		_LinearTransiant		CODE           	068A	0000	353
		_deQueue       		CODE           	0AE2	0000	80

02-SRC/02-APPLICATION/Appl.c estimated size: 809

02-SRC/03-NETWORK/network.c
		_NetworkInit   		CODE           	0F1D	0000	227
		_NetworkManager		CODE           	0DCE	0000	162
		_Get_PWM1Cmd   		CODE           	1576	0000	3
		_Get_PWM2Cmd   		CODE           	1579	0000	3
		_Get_Slope1    		CODE           	157C	0000	3

02-SRC/03-NETWORK/network.c estimated size: 398

C:\Program Files (x86)\Microchip\xc8\pic\sources\c99\common\lwmod.c
		___lwmod       		CODE           	08BB	0000	53

C:\Program Files (x86)\Microchip\xc8\pic\sources\c99\common\lwmod.c estimated size: 53

02-SRC/04-DRIVER/NRF24L01/NRF24L01.c
		_NRF_Write_Register		CODE           	08F0	0000	56
		_NRF_PipeEnable		CODE           	16F6	0000	35
		_NRF24L01_Init 		CODE           	15C3	0000	12
		_NRF_StartListening		CODE           	1691	0000	32
		_NRF_OpenReadingPipe		CODE           	0D37	0000	151
		_NRF_WritePayload		CODE           	099C	0000	59
		_NRF_Available 		CODE           	1619	0000	19
		_NRF_PipeEnableAA		CODE           	1719	0000	35
		_NRF_StopListening		CODE           	1672	0000	31
		_NRF_SetART    		CODE           	1783	0000	39
		_NRF_GetStatus 		CODE           	1607	0000	18
		_NRF_Read_Register		CODE           	0928	0000	57
		_NRF_SetCRCLen 		CODE           	0802	0000	36
		_NRF_SetRFChannel		CODE           	17AA	0000	42
		_NRF_SetAddrWidth		CODE           	0888	0000	51
		_NRF_SetTxAddr 		CODE           	07EB	0000	20
		_NRF_SetRFDataRate		CODE           	17D4	0000	44
		_NRF_SetRFPower		CODE           	0961	0000	59
		_NRF_ReadPayload		CODE           	0A53	0000	65
		_NRF_Set_SPI_Handler		CODE           	1585	0000	6

02-SRC/04-DRIVER/NRF24L01/NRF24L01.c estimated size: 867

02-SRC/02-APPLICATION/main.c
		_main          		CODE           	0CC2	0000	117

02-SRC/02-APPLICATION/main.c estimated size: 117

C:\Program Files (x86)\Microchip\xc8\pic\sources\c99\common\xxtofl.c
		___xxtofl      		CODE           	0E70	0000	173

C:\Program Files (x86)\Microchip\xc8\pic\sources\c99\common\xxtofl.c estimated size: 173

shared
		i1_SPI_Exchange		CODE           	1593	0000	9
		__initialization		CODE           	0049	0000	50
		i1_NRF_Write_Register		CODE           	0826	0000	49
		_gamma10       		STRCODE        	02D6	0000	512

shared estimated size: 620

02-SRC/04-DRIVER/target.c
		_NWM_Unlock    		CODE           	159C	0000	9
		_SetPWM1       		CODE           	1642	0000	24
		_ISR           		CODE           	0004	0000	67
		_SPI_Exchange  		CODE           	15E9	0000	14
		_MCU_Init      		CODE           	0A14	0000	63
		_NVM_Write_Row 		CODE           	0A94	0000	78
		_NVM_Read      		CODE           	15F7	0000	16
		_AcquireADCChan		CODE           	16D3	0000	35
		_SetPWM2       		CODE           	165A	0000	24
		_NVM_Init      		CODE           	0BE0	0000	109
		_NVM_Read_Buff 		CODE           	173C	0000	35

02-SRC/04-DRIVER/target.c estimated size: 474

C:\Program Files (x86)\Microchip\xc8\pic\sources\c99\common\Umul8_16.c
		__Umul8_16     		CODE           	175F	0000	36

C:\Program Files (x86)\Microchip\xc8\pic\sources\c99\common\Umul8_16.c estimated size: 36

C:\Program Files (x86)\Microchip\xc8\pic\sources\c99\common\fltol.c
		___fltol       		CODE           	0C4D	0000	117

C:\Program Files (x86)\Microchip\xc8\pic\sources\c99\common\fltol.c estimated size: 117

C:\Program Files (x86)\Microchip\xc8\pic\sources\c99\common\Umul8.c
		___bmul        		CODE           	162C	0000	22

C:\Program Files (x86)\Microchip\xc8\pic\sources\c99\common\Umul8.c estimated size: 22

C:\Program Files (x86)\Microchip\xc8\pic\sources\c99\common\sprcmul.c
		___flmul       		CODE           	007F	0000	599

C:\Program Files (x86)\Microchip\xc8\pic\sources\c99\common\sprcmul.c estimated size: 599

