Microchip MPLAB XC8 Compiler V2.31

Linker command line:

-W-3 --edf=C:\Program Files (x86)\Microchip\xc8\pic\dat\en_msgs.txt -cn \
  -h+dist/default/production\Dim_Node.X.production.sym \
  --cmf=dist/default/production\Dim_Node.X.production.cmf -z -Q16F1509 \
  -oC:\Users\Nello\AppData\Local\Temp\s1fg.3 --defsym=__MPLAB_BUILD=1 \
  -Mdist/default/production/Dim_Node.X.production.map -E1 -ver=XC8 Compiler \
  --acfsm=1493 -ASTACK=02097h-0216Fh -pstack=STACK -ACODE=00h-07FFhx4 \
  -ASTRCODE=00h-01FFFh -ASTRING=00h-0FFhx32 -ACONST=00h-0FFhx32 \
  -AENTRY=00h-0FFhx32 -ACOMMON=070h-07Fh -ABANK0=020h-06Fh \
  -ABANK1=0A0h-0EFh -ABANK2=0120h-016Fh -ABANK3=01A0h-01EFh \
  -ABANK4=0220h-026Fh -ABANK5=02A0h-02EFh -ABANK6=0320h-032Fh \
  -ABIGRAM=02000h-021EFh \
  -ARAM=020h-06Fh,0A0h-0EFh,0120h-016Fh,01A0h-01EFh,0220h-026Fh,02A0h-02EFh,0320h-032Fh \
  -AABS1=020h-07Fh,0A0h-0EFh,0120h-016Fh,01A0h-01EFh,0220h-026Fh,02A0h-02EFh,0320h-032Fh \
  -ASFR0=00h-01Fh -ASFR1=080h-09Fh -ASFR2=0100h-011Fh -ASFR3=0180h-019Fh \
  -ASFR4=0200h-021Fh -ASFR5=0280h-029Fh -ASFR6=0300h-031Fh \
  -ASFR7=0380h-03EFh -ASFR8=0400h-046Fh -ASFR9=0480h-04EFh \
  -ASFR10=0500h-056Fh -ASFR11=0580h-05EFh -ASFR12=0600h-066Fh \
  -ASFR13=0680h-06EFh -ASFR14=0700h-076Fh -ASFR15=0780h-07EFh \
  -ASFR16=0800h-086Fh -ASFR17=0880h-08EFh -ASFR18=0900h-096Fh \
  -ASFR19=0980h-09EFh -ASFR20=0A00h-0A6Fh -ASFR21=0A80h-0AEFh \
  -ASFR22=0B00h-0B6Fh -ASFR23=0B80h-0BEFh -ASFR24=0C00h-0C6Fh \
  -ASFR25=0C80h-0CEFh -ASFR26=0D00h-0D6Fh -ASFR27=0D80h-0DEFh \
  -ASFR28=0E00h-0E6Fh -ASFR29=0E80h-0EEFh -ASFR30=0F00h-0F6Fh \
  -ASFR31=0F80h-0FEFh -ACONFIG=08007h-08008h -DCONFIG=2 \
  -AIDLOC=08000h-08003h -DIDLOC=2 -DCODE=2 -DSTRCODE=2 -DSTRING=2 -DCONST=2 \
  -DENTRY=2 -preset_vec=00h,intentry=04h,init,end_init -ppowerup=CODE \
  -pcinit=CODE -pfunctab=ENTRY -k C:\Users\Nello\AppData\Local\Temp\s1fg.o \
  dist/default/production\Dim_Node.X.production.o 

Object code version is 3.11

Machine type is 16F1509



                Name                               Link     Load   Length Selector   Space Scale
C:\Users\Nello\AppData\Local\Temp\s1fg.o
                end_init                             3F       3F        2        8       0
                reset_vec                             0        0        2        0       0
                config                             8007     8007        2        0       4
dist/default/production\Dim_Node.X.production.o
                cinit                                41       41       22        8       0
                intentry                              4        4       3B        8       0
                config                             8007     8007        2        0       4
                text42                              94D      94D        8     129A       0
                text41                              955      955        9     12AA       0
                text40                              7EE      7EE       12      974       0
                text39                              99E      99E       15     133C       0
                text38                              AF1      AF1       29     15E2       0
                text37                              D33      D33       40     1A66       0
                text35                              B1A      B1A       29     1634       0
                text34                              4BA      4BA      1B4      974       0
                text33                              A82      A82       24     1504       0
                text32                               63       63      257        8       0
                text31                              E44      E44       75     1C88       0
                text30                              F53      F53       AD     1EA6       0
                text29                              B6D      B6D       2C     16DA       0
                text28                              C8B      C8B       35     1916       0
                text27                              DB4      DB4       42     1B68       0
                text26                              66E      66E      128      974       0
                text25                              9C9      9C9       18     1392       0
                text24                              95E      95E        C     12BC       0
                text23                              D73      D73       41     1AE6       0
                text22                              CC0      CC0       38     1980       0
                text21                              947      947        6     128E       0
                text20                              96A      96A        C     12D4       0
                text19                              982      982        E     1304       0
                text18                              C25      C25       33     184A       0
                text17                              BF3      BF3       32     17E6       0
                text16                              A3C      A3C       23     1478       0
                text15                              A5F      A5F       23     14BE       0
                text14                              9B3      9B3       16     1366       0
                text13                              EB9      EB9       9A     1D72       0
                text12                              ACA      ACA       27     1594       0
                text11                              C58      C58       33     18B0       0
                text10                              AA6      AA6       24     154C       0
                text9                               B43      B43       2A     1686       0
                text8                               B99      B99       2C     1732       0
                text7                               CF8      CF8       3B     19F0       0
                text6                               9F9      9F9       21     13F2       0
                text5                               990      990        E     1320       0
                text4                               9E1      9E1       18     13C2       0
                text3                               796      796       58      974       0
                text2                               BC5      BC5       2E     178A       0
                text1                               A1A      A1A       22     1434       0
                maintext                            DF6      DF6       4E     1BEC       0
                cstackBANK0                          20       20       47       20       1
                cstackCOMMON                         70       70        C       70       1
                cstackBANK1                          E1       E1        6       A0       1
                clrtext                             976      976        C     12EC       0
                bssBANK1                             A0       A0       41       A0       1
                bssBANK0                             67       67        7       20       1
                stringtext2                        1000     1000        6     2000       0
                nvCOMMON                             7C       7C        2       70       1
                stringtext1                         2BA      2BA      200      574       0

TOTAL           Name                               Link     Load   Length     Space
        CLASS   STACK          

        CLASS   CODE           
                end_init                             3F       3F        2         0
                cinit                                41       41       22         0
                intentry                              4        4       3B         0
                reset_vec                             0        0        2         0
                text42                              94D      94D        8         0
                text41                              955      955        9         0
                text40                              7EE      7EE       12         0
                text39                              99E      99E       15         0
                text38                              AF1      AF1       29         0
                text37                              D33      D33       40         0
                text35                              B1A      B1A       29         0
                text34                              4BA      4BA      1B4         0
                text33                              A82      A82       24         0
                text32                               63       63      257         0
                text31                              E44      E44       75         0
                text30                              F53      F53       AD         0
                text29                              B6D      B6D       2C         0
                text28                              C8B      C8B       35         0
                text27                              DB4      DB4       42         0
                text26                              66E      66E      128         0
                text25                              9C9      9C9       18         0
                text24                              95E      95E        C         0
                text23                              D73      D73       41         0
                text22                              CC0      CC0       38         0
                text21                              947      947        6         0
                text20                              96A      96A        C         0
                text19                              982      982        E         0
                text18                              C25      C25       33         0
                text17                              BF3      BF3       32         0
                text16                              A3C      A3C       23         0
                text15                              A5F      A5F       23         0
                text14                              9B3      9B3       16         0
                text13                              EB9      EB9       9A         0
                text12                              ACA      ACA       27         0
                text11                              C58      C58       33         0
                text10                              AA6      AA6       24         0
                text9                               B43      B43       2A         0
                text8                               B99      B99       2C         0
                text7                               CF8      CF8       3B         0
                text6                               9F9      9F9       21         0
                text5                               990      990        E         0
                text4                               9E1      9E1       18         0
                text3                               796      796       58         0
                text2                               BC5      BC5       2E         0
                text1                               A1A      A1A       22         0
                maintext                            DF6      DF6       4E         0
                clrtext                             976      976        C         0

        CLASS   STRCODE        
                stringtext2                        1000     1000        6         0
                stringtext1                         2BA      2BA      200         0

        CLASS   STRING         

        CLASS   CONST          

        CLASS   ENTRY          

        CLASS   COMMON         
                cstackCOMMON                         70       70        C         1
                nvCOMMON                             7C       7C        2         1

        CLASS   BANK0          
                cstackBANK0                          20       20       47         1
                bssBANK0                             67       67        7         1

        CLASS   BANK1          
                cstackBANK1                          E1       E1        6         1
                bssBANK1                             A0       A0       41         1

        CLASS   BANK2          

        CLASS   BANK3          

        CLASS   BANK4          

        CLASS   BANK5          

        CLASS   BANK6          

        CLASS   BIGRAM         

        CLASS   RAM            

        CLASS   ABS1           
                abs_s1                               7E       7E        2         1
                abs_s1                              250      250       20         1
                abs_s1                              2A0      2A0       50         1
                abs_s1                              320      320       10         1
                abs_s1                             2170     2170        0         1

        CLASS   SFR0           

        CLASS   SFR1           

        CLASS   SFR2           

        CLASS   SFR3           

        CLASS   SFR4           

        CLASS   SFR5           

        CLASS   SFR6           

        CLASS   SFR7           

        CLASS   SFR8           

        CLASS   SFR9           

        CLASS   SFR10          

        CLASS   SFR11          

        CLASS   SFR12          

        CLASS   SFR13          

        CLASS   SFR14          

        CLASS   SFR15          

        CLASS   SFR16          

        CLASS   SFR17          

        CLASS   SFR18          

        CLASS   SFR19          

        CLASS   SFR20          

        CLASS   SFR21          

        CLASS   SFR22          

        CLASS   SFR23          

        CLASS   SFR24          

        CLASS   SFR25          

        CLASS   SFR26          

        CLASS   SFR27          

        CLASS   SFR28          

        CLASS   SFR29          

        CLASS   SFR30          

        CLASS   SFR31          

        CLASS   CONFIG         
                config                             8007     8007        2         4

        CLASS   IDLOC          

        CLASS   BANK31         

        CLASS   BANK30         

        CLASS   BANK29         

        CLASS   BANK28         

        CLASS   BANK27         

        CLASS   BANK26         

        CLASS   BANK25         

        CLASS   BANK24         

        CLASS   BANK23         

        CLASS   BANK22         

        CLASS   BANK21         

        CLASS   BANK20         

        CLASS   BANK19         

        CLASS   BANK18         

        CLASS   BANK17         

        CLASS   BANK16         

        CLASS   BANK15         

        CLASS   BANK14         

        CLASS   BANK13         

        CLASS   BANK12         

        CLASS   BANK11         

        CLASS   BANK10         

        CLASS   BANK9          

        CLASS   BANK8          

        CLASS   BANK7          

        CLASS   EEDATA         



SEGMENTS        Name                           Load    Length   Top    Selector   Space  Class     Delta

                reset_vec                      000000  000002  000002         0       0  CODE        2
                intentry                       000004  0002B6  0002BA         8       0  CODE        2
                cstackBANK0                    000020  00004E  00006E        20       1  BANK0       1
                cstackCOMMON                   000070  00000E  00007E        70       1  COMMON      1
                bssBANK1                       0000A0  000047  0000E7        A0       1  BANK1       1
                stringtext1                    0002BA  000200  0004BA       574       0  STRCODE     2
                text34                         0004BA  000346  000800       974       0  CODE        2
                text21                         000947  000006  00094D      128E       0  CODE        2
                text42                         00094D  000008  000955      129A       0  CODE        2
                text41                         000955  000009  00095E      12AA       0  CODE        2
                text24                         00095E  00000C  00096A      12BC       0  CODE        2
                text20                         00096A  00000C  000976      12D4       0  CODE        2
                clrtext                        000976  00000C  000982      12EC       0  CODE        2
                text19                         000982  00000E  000990      1304       0  CODE        2
                text5                          000990  00000E  00099E      1320       0  CODE        2
                text39                         00099E  000015  0009B3      133C       0  CODE        2
                text14                         0009B3  000016  0009C9      1366       0  CODE        2
                text25                         0009C9  000018  0009E1      1392       0  CODE        2
                text4                          0009E1  000018  0009F9      13C2       0  CODE        2
                text6                          0009F9  000021  000A1A      13F2       0  CODE        2
                text1                          000A1A  000022  000A3C      1434       0  CODE        2
                text16                         000A3C  000023  000A5F      1478       0  CODE        2
                text15                         000A5F  000023  000A82      14BE       0  CODE        2
                text33                         000A82  000024  000AA6      1504       0  CODE        2
                text10                         000AA6  000024  000ACA      154C       0  CODE        2
                text12                         000ACA  000027  000AF1      1594       0  CODE        2
                text38                         000AF1  000029  000B1A      15E2       0  CODE        2
                text35                         000B1A  000029  000B43      1634       0  CODE        2
                text9                          000B43  00002A  000B6D      1686       0  CODE        2
                text29                         000B6D  00002C  000B99      16DA       0  CODE        2
                text8                          000B99  00002C  000BC5      1732       0  CODE        2
                text2                          000BC5  00002E  000BF3      178A       0  CODE        2
                text17                         000BF3  000032  000C25      17E6       0  CODE        2
                text18                         000C25  000033  000C58      184A       0  CODE        2
                text11                         000C58  000033  000C8B      18B0       0  CODE        2
                text28                         000C8B  000035  000CC0      1916       0  CODE        2
                text22                         000CC0  000038  000CF8      1980       0  CODE        2
                text7                          000CF8  00003B  000D33      19F0       0  CODE        2
                text37                         000D33  000040  000D73      1A66       0  CODE        2
                text23                         000D73  000041  000DB4      1AE6       0  CODE        2
                text27                         000DB4  000042  000DF6      1B68       0  CODE        2
                maintext                       000DF6  00004E  000E44      1BEC       0  CODE        2
                text31                         000E44  000075  000EB9      1C88       0  CODE        2
                text13                         000EB9  00009A  000F53      1D72       0  CODE        2
                text30                         000F53  0000AD  001000      1EA6       0  CODE        2
                stringtext2                    001000  000006  001006      2000       0  STRCODE     2


UNUSED ADDRESS RANGES

        Name                Unused          Largest block    Delta
        BANK0            0006E-0006F               2           1
        BANK1            000E7-000EF               9           1
        BANK2            00120-0016F              50           1
        BANK3            001A0-001EF              50           1
        BANK4            00220-0024F              30           1
        BIGRAM           02000-021EF             1F0           1
        CODE             00002-00003               2           2
                         00800-00946             147
                         01006-01FFF             7FA
        CONST            00002-00003               2           2
                         00800-00946             100
                         01006-01FFF             100
        ENTRY            00002-00003               2           2
                         00800-00946             100
                         01006-01FFF             100
        IDLOC            08000-08003               4           2
        RAM              0006E-0006F               2           1
                         000E7-000EF               9
                         00120-0016F              50
                         001A0-001EF              50
                         00220-0024F              30
        SFR0             00000-0001F              20           1
        SFR1             00080-0009F              20           1
        SFR10            00500-0056F              70           1
        SFR11            00580-005EF              70           1
        SFR12            00600-0066F              70           1
        SFR13            00680-006EF              70           1
        SFR14            00700-0076F              70           1
        SFR15            00780-007EF              70           1
        SFR16            00800-0086F              70           1
        SFR17            00880-008EF              70           1
        SFR18            00900-0096F              70           1
        SFR19            00980-009EF              70           1
        SFR2             00100-0011F              20           1
        SFR20            00A00-00A6F              70           1
        SFR21            00A80-00AEF              70           1
        SFR22            00B00-00B6F              70           1
        SFR23            00B80-00BEF              70           1
        SFR24            00C00-00C6F              70           1
        SFR25            00C80-00CEF              70           1
        SFR26            00D00-00D6F              70           1
        SFR27            00D80-00DEF              70           1
        SFR28            00E00-00E6F              70           1
        SFR29            00E80-00EEF              70           1
        SFR3             00180-0019F              20           1
        SFR30            00F00-00F6F              70           1
        SFR31            00F80-00FEF              70           1
        SFR4             00200-0021F              20           1
        SFR5             00280-0029F              20           1
        SFR6             00300-0031F              20           1
        SFR7             00380-003EF              70           1
        SFR8             00400-0046F              70           1
        SFR9             00480-004EF              70           1
        STACK            02097-0216F              D9           1
        STRCODE          00002-00003               2           2
                         00800-00946             147
                         01006-01FFF             FFA
        STRING           00002-00003               2           2
                         00800-00946             100
                         01006-01FFF             100

                                  Symbol Table

?__Umul8_16                       cstackBANK0  00022
?___fldiv                         cstackBANK0  00030
?___flmul                         cstackBANK0  00030
?___fltol                         cstackBANK0  0004A
?___lwmod                         cstackBANK0  00022
?___xxtofl                        cstackBANK0  00022
APPL_TASK_10MS@OldValue           bssBANK0     0006D
ClickLed@DurationMs               cstackCOMMON 00070
KeepDistance@amount               cstackBANK0  00025
KeepDistance@diff                 cstackBANK0  00023
KeepDistance@retVal               cstackBANK0  00026
LinearTransiant@Duration10ms      cstackBANK0  00056
LinearTransiant@NewValue          cstackBANK0  00064
LinearTransiant@OldValue          cstackBANK0  00055
LinearTransiant@Slope             cstackBANK0  0005C
LinearTransiant@a                 cstackBANK0  00062
LinearTransiant@diff              cstackBANK0  00060
LinearTransiant@i                 cstackBANK0  00063
NRF24L01_Init@SPI_Exchange        cstackBANK0  00024
NRF_Available@IsAvailable         cstackCOMMON 00074
NRF_Available@PipeNo              cstackCOMMON 00073
NRF_OpenReadingPipe@AW            cstackBANK0  0003D
NRF_OpenReadingPipe@AutoAck       cstackBANK0  00034
NRF_OpenReadingPipe@Enable        cstackBANK0  00035
NRF_OpenReadingPipe@PayloadLength cstackBANK0  00033
NRF_OpenReadingPipe@PipeAddr      cstackBANK0  00031
NRF_OpenReadingPipe@PipeNo        cstackBANK0  0003F
NRF_OpenReadingPipe@i             cstackBANK0  0003E
NRF_PipeEnable@EN                 cstackBANK0  00030
NRF_PipeEnable@PipeNo             cstackBANK0  0002F
NRF_PipeEnableAA@AA               cstackBANK0  00030
NRF_PipeEnableAA@PipeNo           cstackBANK0  0002F
NRF_ReadPayload@Payload           cstackBANK0  00020
NRF_ReadPayload@PayloadLength     cstackCOMMON 00077
NRF_ReadPayload@i                 cstackBANK0  00021
NRF_Read_Register@Bytes           cstackBANK0  00023
NRF_Read_Register@Length          cstackBANK0  00024
NRF_Read_Register@Register        cstackBANK0  00027
NRF_Read_Register@Status          cstackBANK0  00028
NRF_SetART@count                  cstackBANK0  0002F
NRF_SetART@delay                  cstackBANK0  0002D
NRF_SetAddrWidth@AddressWidth     cstackBANK0  00030
NRF_SetCRCLen@Len                 cstackBANK0  0002E
NRF_SetRFChannel@RF_Channel       cstackBANK0  00031
NRF_SetRFDataRate@Datarate        cstackBANK0  0002E
NRF_SetRFPower@RF_Pow             cstackBANK0  00031
NRF_Set_SPI_Handler@SPI_Handler   cstackBANK0  00022
NRF_Write_Register@Bytes          cstackBANK0  00026
NRF_Write_Register@Length         cstackBANK0  00028
NRF_Write_Register@Register       cstackBANK0  0002B
NRF_Write_Register@Status         cstackBANK0  0002C
SPI_Exchange@Data                 cstackBANK0  00022
SetPWM1@DutyCycle                 cstackBANK0  0002C
SetPWM2@DutyCycle                 cstackBANK0  00022
Task_LedManager@Timeout           bssBANK1     000A0
_ANSELA                           (abs)        0018C
_ANSELB                           (abs)        0018D
_ANSELC                           (abs)        0018E
_APPL_TASK_10MS                   text22       00CC0
_Appl_Init                        text3        00796
_CircularBuffer                   (abs)        02170
_Click                            bssBANK1     000A6
_ClickLed                         text42       0094D
_Click_Duration                   bssBANK1     000A2
_INTCONbits                       (abs)        0000B
_IOCAF                            (abs)        00393
_IOCAN                            (abs)        00392
_IOCIF                            (abs)        00058
_ISR                              intentry     00004
_IsEmpty                          text24       0095E
_IsFull                           text29       00B6D
_IsFull$171                       cstackBANK0  00024
_KeepDistance                     text35       00B1A
_LATCbits                         (abs)        0010E
_LinearTransiant                  text26       0066E
_MCU_Init                         text2        00BC5
_MyQueue                          bssBANK0     00067
_NFR_RxPipes                      bssBANK1     000A7
_NRF24L01_Init                    text20       0096A
_NRFChip                          bssBANK1     000CB
_NRF_Available                    text39       0099E
_NRF_GetStatus                    text40       007EE
_NRF_OpenReadingPipe              text13       00EB9
_NRF_OpenReadingPipe$416          cstackBANK0  0003B
_NRF_Payload                      bssBANK1     000D9
_NRF_PipeEnable                   text16       00A3C
_NRF_PipeEnableAA                 text15       00A5F
_NRF_ReadPayload                  text37       00D33
_NRF_Read_Register                text18       00C25
_NRF_SetART                       text12       00ACA
_NRF_SetAddrWidth                 text11       00C58
_NRF_SetAddrWidth$456             cstackBANK0  0002E
_NRF_SetCRCLen                    text10       00AA6
_NRF_SetRFChannel                 text9        00B43
_NRF_SetRFChannel$444             cstackBANK0  0002F
_NRF_SetRFDataRate                text8        00B99
_NRF_SetRFPower                   text7        00CF8
_NRF_SetRFPower$451               cstackBANK0  0002F
_NRF_Set_SPI_Handler              text21       00947
_NRF_StartListening               text6        009F9
_NRF_Write_Register               text17       00BF3
_OPTION_REG                       (abs)        00095
_OSCCON                           (abs)        00099
_PR2                              (abs)        0001B
_PWM1CON                          (abs)        00613
_PWM1DCH                          (abs)        00612
_PWM1DCL                          (abs)        00611
_PWM2CON                          (abs)        00616
_PWM2DCH                          (abs)        00615
_PWM2DCL                          (abs)        00614
_QueueInit                        text5        00990
_SPI_Exchange                     text19       00982
_SPI_Exchange$intlevel0           text19       00986
_SSP1BUF                          (abs)        00211
_SSP1CON1                         (abs)        00215
_SSP1STAT                         (abs)        00214
_SSP1STATbits                     (abs)        00214
_SetPWM1                          text25       009C9
_SetPWM2                          text4        009E1
_T2CON                            (abs)        0001C
_TMR0                             (abs)        00015
_TMR0IF                           (abs)        0005A
_TRISA                            (abs)        0008C
_TRISB                            (abs)        0008D
_TRISC                            (abs)        0008E
_Task_LedManager                  text1        00A1A
_Tick_1ms                         bssBANK1     000A4
__Habs1                           abs1         00000
__Hbank0                          bank0        00000
__Hbank1                          bank1        00000
__Hbank10                         bank10       00000
__Hbank11                         bank11       00000
__Hbank12                         bank12       00000
__Hbank13                         bank13       00000
__Hbank14                         bank14       00000
__Hbank15                         bank15       00000
__Hbank16                         bank16       00000
__Hbank17                         bank17       00000
__Hbank18                         bank18       00000
__Hbank19                         bank19       00000
__Hbank2                          bank2        00000
__Hbank20                         bank20       00000
__Hbank21                         bank21       00000
__Hbank22                         bank22       00000
__Hbank23                         bank23       00000
__Hbank24                         bank24       00000
__Hbank25                         bank25       00000
__Hbank26                         bank26       00000
__Hbank27                         bank27       00000
__Hbank28                         bank28       00000
__Hbank29                         bank29       00000
__Hbank3                          bank3        00000
__Hbank30                         bank30       00000
__Hbank31                         bank31       00000
__Hbank4                          bank4        00000
__Hbank5                          bank5        00000
__Hbank6                          bank6        00000
__Hbank7                          bank7        00000
__Hbank8                          bank8        00000
__Hbank9                          bank9        00000
__Hbigram                         bigram       00000
__HbssBANK0                       bssBANK0     00000
__HbssBANK1                       bssBANK1     00000
__Hcinit                          cinit        00063
__Hclrtext                        clrtext      00000
__Hcode                           code         00000
__Hcommon                         common       00000
__Hconfig                         config       08009
__HcstackBANK0                    cstackBANK0  00000
__HcstackBANK1                    cstackBANK1  00000
__HcstackCOMMON                   cstackCOMMON 00000
__Heeprom_data                    eeprom_data  00000
__Hend_init                       end_init     00041
__Hfunctab                        functab      00000
__Hinit                           init         0003F
__Hintentry                       intentry     0003F
__Hmaintext                       maintext     00000
__HnvCOMMON                       nvCOMMON     00000
__Hpowerup                        powerup      00000
__Hram                            ram          00000
__Hreset_vec                      reset_vec    00002
__Hsfr0                           sfr0         00000
__Hsfr1                           sfr1         00000
__Hsfr10                          sfr10        00000
__Hsfr11                          sfr11        00000
__Hsfr12                          sfr12        00000
__Hsfr13                          sfr13        00000
__Hsfr14                          sfr14        00000
__Hsfr15                          sfr15        00000
__Hsfr16                          sfr16        00000
__Hsfr17                          sfr17        00000
__Hsfr18                          sfr18        00000
__Hsfr19                          sfr19        00000
__Hsfr2                           sfr2         00000
__Hsfr20                          sfr20        00000
__Hsfr21                          sfr21        00000
__Hsfr22                          sfr22        00000
__Hsfr23                          sfr23        00000
__Hsfr24                          sfr24        00000
__Hsfr25                          sfr25        00000
__Hsfr26                          sfr26        00000
__Hsfr27                          sfr27        00000
__Hsfr28                          sfr28        00000
__Hsfr29                          sfr29        00000
__Hsfr3                           sfr3         00000
__Hsfr30                          sfr30        00000
__Hsfr31                          sfr31        00000
__Hsfr4                           sfr4         00000
__Hsfr5                           sfr5         00000
__Hsfr6                           sfr6         00000
__Hsfr7                           sfr7         00000
__Hsfr8                           sfr8         00000
__Hsfr9                           sfr9         00000
__Hspace_0                        (abs)        01006
__Hspace_1                        (abs)        000E7
__Hspace_2                        (abs)        00000
__Hspace_3                        (abs)        00000
__Hspace_4                        (abs)        10010
__Hstack                          stack        00000
__Hstrings                        strings      00000
__Hstringtext1                    stringtext1  00000
__Hstringtext2                    stringtext2  00000
__Hstringtext3                    stringtext3  00000
__Htext                           text         00000
__Labs1                           abs1         00000
__Lbank0                          bank0        00000
__Lbank1                          bank1        00000
__Lbank10                         bank10       00000
__Lbank11                         bank11       00000
__Lbank12                         bank12       00000
__Lbank13                         bank13       00000
__Lbank14                         bank14       00000
__Lbank15                         bank15       00000
__Lbank16                         bank16       00000
__Lbank17                         bank17       00000
__Lbank18                         bank18       00000
__Lbank19                         bank19       00000
__Lbank2                          bank2        00000
__Lbank20                         bank20       00000
__Lbank21                         bank21       00000
__Lbank22                         bank22       00000
__Lbank23                         bank23       00000
__Lbank24                         bank24       00000
__Lbank25                         bank25       00000
__Lbank26                         bank26       00000
__Lbank27                         bank27       00000
__Lbank28                         bank28       00000
__Lbank29                         bank29       00000
__Lbank3                          bank3        00000
__Lbank30                         bank30       00000
__Lbank31                         bank31       00000
__Lbank4                          bank4        00000
__Lbank5                          bank5        00000
__Lbank6                          bank6        00000
__Lbank7                          bank7        00000
__Lbank8                          bank8        00000
__Lbank9                          bank9        00000
__Lbigram                         bigram       00000
__LbssBANK0                       bssBANK0     00000
__LbssBANK1                       bssBANK1     00000
__Lcinit                          cinit        00041
__Lclrtext                        clrtext      00000
__Lcode                           code         00000
__Lcommon                         common       00000
__Lconfig                         config       00000
__LcstackBANK0                    cstackBANK0  00000
__LcstackBANK1                    cstackBANK1  00000
__LcstackCOMMON                   cstackCOMMON 00000
__Leeprom_data                    eeprom_data  00000
__Lend_init                       end_init     0003F
__Lfunctab                        functab      00000
__Linit                           init         0003F
__Lintentry                       intentry     00004
__Lmaintext                       maintext     00000
__LnvCOMMON                       nvCOMMON     00000
__Lpowerup                        powerup      00000
__Lram                            ram          00000
__Lreset_vec                      reset_vec    00000
__Lsfr0                           sfr0         00000
__Lsfr1                           sfr1         00000
__Lsfr10                          sfr10        00000
__Lsfr11                          sfr11        00000
__Lsfr12                          sfr12        00000
__Lsfr13                          sfr13        00000
__Lsfr14                          sfr14        00000
__Lsfr15                          sfr15        00000
__Lsfr16                          sfr16        00000
__Lsfr17                          sfr17        00000
__Lsfr18                          sfr18        00000
__Lsfr19                          sfr19        00000
__Lsfr2                           sfr2         00000
__Lsfr20                          sfr20        00000
__Lsfr21                          sfr21        00000
__Lsfr22                          sfr22        00000
__Lsfr23                          sfr23        00000
__Lsfr24                          sfr24        00000
__Lsfr25                          sfr25        00000
__Lsfr26                          sfr26        00000
__Lsfr27                          sfr27        00000
__Lsfr28                          sfr28        00000
__Lsfr29                          sfr29        00000
__Lsfr3                           sfr3         00000
__Lsfr30                          sfr30        00000
__Lsfr31                          sfr31        00000
__Lsfr4                           sfr4         00000
__Lsfr5                           sfr5         00000
__Lsfr6                           sfr6         00000
__Lsfr7                           sfr7         00000
__Lsfr8                           sfr8         00000
__Lsfr9                           sfr9         00000
__Lspace_0                        (abs)        00000
__Lspace_1                        (abs)        00000
__Lspace_2                        (abs)        00000
__Lspace_3                        (abs)        00000
__Lspace_4                        (abs)        00000
__Lstack                          stack        00000
__Lstrings                        strings      00000
__Lstringtext1                    stringtext1  00000
__Lstringtext2                    stringtext2  00000
__Lstringtext3                    stringtext3  00000
__Ltext                           text         00000
__S0                              (abs)        01006
__S1                              (abs)        000E7
__S2                              (abs)        00000
__Umul8_16                        text33       00A82
__Umul8_16@multiplicand           cstackBANK0  00022
__Umul8_16@multiplier             cstackBANK0  0002A
__Umul8_16@product                cstackBANK0  00026
__Umul8_16@word_mpld              cstackBANK0  00028
___bmul                           text14       009B3
___bmul@multiplicand              cstackBANK0  00022
___bmul@multiplier                cstackBANK0  00025
___bmul@product                   cstackBANK0  00024
___fldiv                          text34       004BA
___fldiv@a                        cstackBANK0  00030
___fldiv@aexp                     cstackBANK0  00049
___fldiv@b                        cstackBANK0  00034
___fldiv@bexp                     cstackBANK0  00048
___fldiv@grs                      cstackBANK0  00044
___fldiv@new_exp                  cstackBANK0  00042
___fldiv@rem                      cstackBANK0  0003D
___fldiv@sign                     cstackBANK0  00041
___flmul                          text32       00063
___flmul@a                        cstackBANK0  00034
___flmul@aexp                     cstackBANK0  00042
___flmul@b                        cstackBANK0  00030
___flmul@bexp                     cstackBANK0  00043
___flmul@grs                      cstackBANK0  0003E
___flmul@prod                     cstackBANK0  00044
___flmul@sign                     cstackBANK0  0003D
___flmul@temp                     cstackBANK0  00048
___fltol                          text31       00E44
___fltol@exp1                     cstackBANK0  00054
___fltol@f1                       cstackBANK0  0004A
___fltol@sign1                    cstackBANK0  00053
___int_sp                         stack        00000
___latbits                        (abs)        00002
___lwmod                          text28       00C8B
___lwmod@counter                  cstackBANK0  00027
___lwmod@dividend                 cstackBANK0  00024
___lwmod@divisor                  cstackBANK0  00022
___sp                             stack        00000
___stackhi                        (abs)        0216F
___stacklo                        (abs)        02097
___xxtofl                         text30       00F53
___xxtofl@arg                     cstackBANK0  0002C
___xxtofl@exp                     cstackBANK0  0002B
___xxtofl@sign                    cstackBANK0  0002A
___xxtofl@val                     cstackBANK0  00022
__end_of_APPL_TASK_10MS           text22       00CF8
__end_of_Appl_Init                text3        007EE
__end_of_ClickLed                 text42       00955
__end_of_ISR                      intentry     0003F
__end_of_IsEmpty                  text24       0096A
__end_of_IsFull                   text29       00B99
__end_of_KeepDistance             text35       00B43
__end_of_LinearTransiant          text26       00796
__end_of_MCU_Init                 text2        00BF3
__end_of_NRF24L01_Init            text20       00976
__end_of_NRF_Available            text39       009B3
__end_of_NRF_GetStatus            text40       00800
__end_of_NRF_OpenReadingPipe      text13       00F53
__end_of_NRF_PipeEnable           text16       00A5F
__end_of_NRF_PipeEnableAA         text15       00A82
__end_of_NRF_ReadPayload          text37       00D73
__end_of_NRF_Read_Register        text18       00C58
__end_of_NRF_SetART               text12       00AF1
__end_of_NRF_SetAddrWidth         text11       00C8B
__end_of_NRF_SetCRCLen            text10       00ACA
__end_of_NRF_SetRFChannel         text9        00B6D
__end_of_NRF_SetRFDataRate        text8        00BC5
__end_of_NRF_SetRFPower           text7        00D33
__end_of_NRF_Set_SPI_Handler      text21       0094D
__end_of_NRF_StartListening       text6        00A1A
__end_of_NRF_Write_Register       text17       00C25
__end_of_QueueInit                text5        0099E
__end_of_SPI_Exchange             text19       00990
__end_of_SetPWM1                  text25       009E1
__end_of_SetPWM2                  text4        009F9
__end_of_Task_LedManager          text1        00A3C
__end_of__Umul8_16                text33       00AA6
__end_of___bmul                   text14       009C9
__end_of___fldiv                  text34       0066E
__end_of___flmul                  text32       002BA
__end_of___fltol                  text31       00EB9
__end_of___lwmod                  text28       00CC0
__end_of___xxtofl                 text30       01000
__end_of__initialization          cinit        0005F
__end_of_deQueue                  text23       00DB4
__end_of_enQueue                  text27       00DF6
__end_of_gamma10                  stringtext1  004BA
__end_of_main                     maintext     00E44
__end_ofi1_NRF_Write_Register     text38       00B1A
__end_ofi1_SPI_Exchange           text41       0095E
__initialization                  cinit        00041
__pbssBANK0                       bssBANK0     00067
__pbssBANK1                       bssBANK1     000A0
__pbssBIGRAM                      (abs)        02170
__pcstackBANK0                    cstackBANK0  00020
__pcstackBANK1                    cstackBANK1  000E1
__pcstackCOMMON                   cstackCOMMON 00070
__pintentry                       intentry     00004
__pmaintext                       maintext     00DF6
__pnvCOMMON                       nvCOMMON     0007C
__pstringtext1                    stringtext1  002BA
__pstringtext2                    stringtext2  01000
__pstringtext3                    stringtext3  00000
__ptext1                          text1        00A1A
__ptext10                         text10       00AA6
__ptext11                         text11       00C58
__ptext12                         text12       00ACA
__ptext13                         text13       00EB9
__ptext14                         text14       009B3
__ptext15                         text15       00A5F
__ptext16                         text16       00A3C
__ptext17                         text17       00BF3
__ptext18                         text18       00C25
__ptext19                         text19       00982
__ptext2                          text2        00BC5
__ptext20                         text20       0096A
__ptext21                         text21       00947
__ptext22                         text22       00CC0
__ptext23                         text23       00D73
__ptext24                         text24       0095E
__ptext25                         text25       009C9
__ptext26                         text26       0066E
__ptext27                         text27       00DB4
__ptext28                         text28       00C8B
__ptext29                         text29       00B6D
__ptext3                          text3        00796
__ptext30                         text30       00F53
__ptext31                         text31       00E44
__ptext32                         text32       00063
__ptext33                         text33       00A82
__ptext34                         text34       004BA
__ptext35                         text35       00B1A
__ptext37                         text37       00D33
__ptext38                         text38       00AF1
__ptext39                         text39       0099E
__ptext4                          text4        009E1
__ptext40                         text40       007EE
__ptext41                         text41       00955
__ptext42                         text42       0094D
__ptext5                          text5        00990
__ptext6                          text6        009F9
__ptext7                          text7        00CF8
__ptext8                          text8        00B99
__ptext9                          text9        00B43
__size_of_APPL_TASK_10MS          (abs)        00000
__size_of_Appl_Init               (abs)        00000
__size_of_ClickLed                (abs)        00000
__size_of_ISR                     (abs)        00000
__size_of_IsEmpty                 (abs)        00000
__size_of_IsFull                  (abs)        00000
__size_of_KeepDistance            (abs)        00000
__size_of_LinearTransiant         (abs)        00000
__size_of_MCU_Init                (abs)        00000
__size_of_NRF24L01_Init           (abs)        00000
__size_of_NRF_Available           (abs)        00000
__size_of_NRF_GetStatus           (abs)        00000
__size_of_NRF_OpenReadingPipe     (abs)        00000
__size_of_NRF_PipeEnable          (abs)        00000
__size_of_NRF_PipeEnableAA        (abs)        00000
__size_of_NRF_ReadPayload         (abs)        00000
__size_of_NRF_Read_Register       (abs)        00000
__size_of_NRF_SetART              (abs)        00000
__size_of_NRF_SetAddrWidth        (abs)        00000
__size_of_NRF_SetCRCLen           (abs)        00000
__size_of_NRF_SetRFChannel        (abs)        00000
__size_of_NRF_SetRFDataRate       (abs)        00000
__size_of_NRF_SetRFPower          (abs)        00000
__size_of_NRF_Set_SPI_Handler     (abs)        00000
__size_of_NRF_StartListening      (abs)        00000
__size_of_NRF_Write_Register      (abs)        00000
__size_of_QueueInit               (abs)        00000
__size_of_SPI_Exchange            (abs)        00000
__size_of_SetPWM1                 (abs)        00000
__size_of_SetPWM2                 (abs)        00000
__size_of_Task_LedManager         (abs)        00000
__size_of__Umul8_16               (abs)        00000
__size_of___bmul                  (abs)        00000
__size_of___fldiv                 (abs)        00000
__size_of___flmul                 (abs)        00000
__size_of___fltol                 (abs)        00000
__size_of___lwmod                 (abs)        00000
__size_of___xxtofl                (abs)        00000
__size_of_deQueue                 (abs)        00000
__size_of_enQueue                 (abs)        00000
__size_of_main                    (abs)        00000
__size_ofi1_NRF_Write_Register    (abs)        00000
__size_ofi1_SPI_Exchange          (abs)        00000
_deQueue                          text23       00D73
_enQueue                          text27       00DB4
_gamma10                          stringtext1  002BA
_main                             maintext     00DF6
_p_NRF_SPI_Exchange               nvCOMMON     0007C
btemp                             (abs)        0007E
clear_ram0                        clrtext      00976
deQueue@element                   cstackBANK0  0002B
enQueue@element                   cstackBANK0  0002C
end_of_initialization             cinit        0005F
i1NRF_Write_Register@Bytes        cstackCOMMON 00071
i1NRF_Write_Register@Length       cstackCOMMON 00073
i1NRF_Write_Register@Register     cstackCOMMON 00076
i1SPI_Exchange@Data               cstackCOMMON 00070
i1_NRF_Write_Register             text38       00AF1
i1_SPI_Exchange                   text41       00955
int$flags                         (abs)        0007E
intlevel0                         functab      00000
intlevel1                         functab      00000
intlevel2                         functab      00000
intlevel3                         functab      00000
intlevel4                         functab      00000
intlevel5                         functab      00000
main@Task1000ms                   cstackBANK1  000E5
main@Task100ms                    cstackBANK1  000E3
main@Task10ms                     cstackBANK1  000E1
reset_vec                         reset_vec    00000
start                             init         0003F
start_initialization              cinit        00041
wtemp0                            (abs)        0007E


FUNCTION INFORMATION:

 *************** function _main *****************
 Defined at:
		line 10 in file "02-SRC/02-APPLICATION/main.c"
 Parameters:    Size  Location     Type
		None
 Auto vars:     Size  Location     Type
  Task1000ms      2    4[BANK1 ] unsigned short 
  Task100ms       2    2[BANK1 ] unsigned short 
  Task10ms        2    0[BANK1 ] unsigned short 
 Return value:  Size  Location     Type
                  1    wreg      void 
 Registers used:
		wreg, fsr0l, fsr0h, fsr1l, fsr1h, status,2, status,0, pclath, cstack
 Tracked objects:
		On entry : 
		On exit  : 
		Unchanged: 
 Data sizes:     COMMON   BANK0   BANK1   BANK2   BANK3   BANK4   BANK5   BANK6
      Params:         0       0       0       0       0       0       0       0
      Locals:         0       0       6       0       0       0       0       0
      Temps:          0       0       0       0       0       0       0       0
      Totals:         0       0       6       0       0       0       0       0
Total ram usage:        6 bytes
 Hardware stack levels required when called:    9
 This function calls:
		_APPL_TASK_10MS
		_Appl_Init
		_MCU_Init
		_Task_LedManager
 This function is called by:
		Startup code after reset
 This function uses a non-reentrant model


 *************** function _Task_LedManager *****************
 Defined at:
		line 159 in file "02-SRC/02-APPLICATION/Appl.c"
 Parameters:    Size  Location     Type
		None
 Auto vars:     Size  Location     Type
		None
 Return value:  Size  Location     Type
                  1    wreg      void 
 Registers used:
		wreg, status,2, status,0
 Tracked objects:
		On entry : 
		On exit  : 
		Unchanged: 
 Data sizes:     COMMON   BANK0   BANK1   BANK2   BANK3   BANK4   BANK5   BANK6
      Params:         0       0       0       0       0       0       0       0
      Locals:         0       0       0       0       0       0       0       0
      Temps:          0       0       0       0       0       0       0       0
      Totals:         0       0       0       0       0       0       0       0
Total ram usage:        0 bytes
 Hardware stack levels used:    1
 Hardware stack levels required when called:    4
 This function calls:
		Nothing
 This function is called by:
		_main
 This function uses a non-reentrant model


 *************** function _MCU_Init *****************
 Defined at:
		line 10 in file "02-SRC/04-DRIVER/target.c"
 Parameters:    Size  Location     Type
		None
 Auto vars:     Size  Location     Type
		None
 Return value:  Size  Location     Type
                  1    wreg      void 
 Registers used:
		wreg, status,2
 Tracked objects:
		On entry : 
		On exit  : 
		Unchanged: 
 Data sizes:     COMMON   BANK0   BANK1   BANK2   BANK3   BANK4   BANK5   BANK6
      Params:         0       0       0       0       0       0       0       0
      Locals:         0       0       0       0       0       0       0       0
      Temps:          0       0       0       0       0       0       0       0
      Totals:         0       0       0       0       0       0       0       0
Total ram usage:        0 bytes
 Hardware stack levels used:    1
 Hardware stack levels required when called:    4
 This function calls:
		Nothing
 This function is called by:
		_main
 This function uses a non-reentrant model


 *************** function _Appl_Init *****************
 Defined at:
		line 40 in file "02-SRC/02-APPLICATION/Appl.c"
 Parameters:    Size  Location     Type
		None
 Auto vars:     Size  Location     Type
		None
 Return value:  Size  Location     Type
                  1    wreg      void 
 Registers used:
		wreg, fsr0l, fsr0h, fsr1l, fsr1h, status,2, status,0, pclath, cstack
 Tracked objects:
		On entry : 
		On exit  : 
		Unchanged: 
 Data sizes:     COMMON   BANK0   BANK1   BANK2   BANK3   BANK4   BANK5   BANK6
      Params:         0       0       0       0       0       0       0       0
      Locals:         0       0       0       0       0       0       0       0
      Temps:          0       1       0       0       0       0       0       0
      Totals:         0       1       0       0       0       0       0       0
Total ram usage:        1 bytes
 Hardware stack levels used:    1
 Hardware stack levels required when called:    8
 This function calls:
		_NRF24L01_Init
		_NRF_OpenReadingPipe
		_NRF_SetART
		_NRF_SetAddrWidth
		_NRF_SetCRCLen
		_NRF_SetRFChannel
		_NRF_SetRFDataRate
		_NRF_SetRFPower
		_NRF_StartListening
		_NRF_Write_Register
		_QueueInit
		_SetPWM1
		_SetPWM2
 This function is called by:
		_main
 This function uses a non-reentrant model


 *************** function _SetPWM2 *****************
 Defined at:
		line 60 in file "02-SRC/04-DRIVER/target.c"
 Parameters:    Size  Location     Type
  DutyCycle       2    2[BANK0 ] unsigned short 
 Auto vars:     Size  Location     Type
		None
 Return value:  Size  Location     Type
                  1    wreg      void 
 Registers used:
		wreg, status,2, status,0
 Tracked objects:
		On entry : 
		On exit  : 
		Unchanged: 
 Data sizes:     COMMON   BANK0   BANK1   BANK2   BANK3   BANK4   BANK5   BANK6
      Params:         0       2       0       0       0       0       0       0
      Locals:         0       0       0       0       0       0       0       0
      Temps:          0       2       0       0       0       0       0       0
      Totals:         0       4       0       0       0       0       0       0
Total ram usage:        4 bytes
 Hardware stack levels used:    1
 Hardware stack levels required when called:    4
 This function calls:
		Nothing
 This function is called by:
		_Appl_Init
 This function uses a non-reentrant model


 *************** function _QueueInit *****************
 Defined at:
		line 58 in file "02-SRC/02-APPLICATION/Appl.c"
 Parameters:    Size  Location     Type
		None
 Auto vars:     Size  Location     Type
		None
 Return value:  Size  Location     Type
                  1    wreg      void 
 Registers used:
		wreg
 Tracked objects:
		On entry : 
		On exit  : 
		Unchanged: 
 Data sizes:     COMMON   BANK0   BANK1   BANK2   BANK3   BANK4   BANK5   BANK6
      Params:         0       0       0       0       0       0       0       0
      Locals:         0       0       0       0       0       0       0       0
      Temps:          0       0       0       0       0       0       0       0
      Totals:         0       0       0       0       0       0       0       0
Total ram usage:        0 bytes
 Hardware stack levels used:    1
 Hardware stack levels required when called:    4
 This function calls:
		Nothing
 This function is called by:
		_Appl_Init
 This function uses a non-reentrant model


 *************** function _NRF_StartListening *****************
 Defined at:
		line 129 in file "02-SRC/04-DRIVER/NRF24L01/NRF24L01.c"
 Parameters:    Size  Location     Type
		None
 Auto vars:     Size  Location     Type
		None
 Return value:  Size  Location     Type
                  1    wreg      void 
 Registers used:
		wreg, fsr1l, fsr1h, status,2, status,0, pclath, cstack
 Tracked objects:
		On entry : 
		On exit  : 
		Unchanged: 
 Data sizes:     COMMON   BANK0   BANK1   BANK2   BANK3   BANK4   BANK5   BANK6
      Params:         0       0       0       0       0       0       0       0
      Locals:         0       0       0       0       0       0       0       0
      Temps:          0       1       0       0       0       0       0       0
      Totals:         0       1       0       0       0       0       0       0
Total ram usage:        1 bytes
 Hardware stack levels used:    1
 Hardware stack levels required when called:    6
 This function calls:
		_NRF_Read_Register
		_NRF_Write_Register
 This function is called by:
		_Appl_Init
 This function uses a non-reentrant model


 *************** function _NRF_SetRFPower *****************
 Defined at:
		line 100 in file "02-SRC/04-DRIVER/NRF24L01/NRF24L01.c"
 Parameters:    Size  Location     Type
  RF_Pow          1    wreg     unsigned char 
 Auto vars:     Size  Location     Type
  RF_Pow          1   17[BANK0 ] unsigned char 
 Return value:  Size  Location     Type
                  1    wreg      void 
 Registers used:
		wreg, fsr1l, fsr1h, status,2, status,0, pclath, cstack
 Tracked objects:
		On entry : 
		On exit  : 
		Unchanged: 
 Data sizes:     COMMON   BANK0   BANK1   BANK2   BANK3   BANK4   BANK5   BANK6
      Params:         0       0       0       0       0       0       0       0
      Locals:         0       3       0       0       0       0       0       0
      Temps:          0       2       0       0       0       0       0       0
      Totals:         0       5       0       0       0       0       0       0
Total ram usage:        5 bytes
 Hardware stack levels used:    1
 Hardware stack levels required when called:    6
 This function calls:
		_NRF_Read_Register
		_NRF_Write_Register
 This function is called by:
		_Appl_Init
 This function uses a non-reentrant model


 *************** function _NRF_SetRFDataRate *****************
 Defined at:
		line 107 in file "02-SRC/04-DRIVER/NRF24L01/NRF24L01.c"
 Parameters:    Size  Location     Type
  Datarate        1    wreg     unsigned char 
 Auto vars:     Size  Location     Type
  Datarate        1   14[BANK0 ] unsigned char 
 Return value:  Size  Location     Type
                  1    wreg      void 
 Registers used:
		wreg, fsr1l, fsr1h, status,2, status,0, pclath, cstack
 Tracked objects:
		On entry : 
		On exit  : 
		Unchanged: 
 Data sizes:     COMMON   BANK0   BANK1   BANK2   BANK3   BANK4   BANK5   BANK6
      Params:         0       0       0       0       0       0       0       0
      Locals:         0       1       0       0       0       0       0       0
      Temps:          0       1       0       0       0       0       0       0
      Totals:         0       2       0       0       0       0       0       0
Total ram usage:        2 bytes
 Hardware stack levels used:    1
 Hardware stack levels required when called:    6
 This function calls:
		_NRF_Read_Register
		_NRF_Write_Register
 This function is called by:
		_Appl_Init
 This function uses a non-reentrant model


 *************** function _NRF_SetRFChannel *****************
 Defined at:
		line 94 in file "02-SRC/04-DRIVER/NRF24L01/NRF24L01.c"
 Parameters:    Size  Location     Type
  RF_Channel      1    wreg     unsigned char 
 Auto vars:     Size  Location     Type
  RF_Channel      1   17[BANK0 ] unsigned char 
 Return value:  Size  Location     Type
                  1    wreg      void 
 Registers used:
		wreg, fsr1l, fsr1h, status,2, status,0, pclath, cstack
 Tracked objects:
		On entry : 
		On exit  : 
		Unchanged: 
 Data sizes:     COMMON   BANK0   BANK1   BANK2   BANK3   BANK4   BANK5   BANK6
      Params:         0       0       0       0       0       0       0       0
      Locals:         0       3       0       0       0       0       0       0
      Temps:          0       2       0       0       0       0       0       0
      Totals:         0       5       0       0       0       0       0       0
Total ram usage:        5 bytes
 Hardware stack levels used:    1
 Hardware stack levels required when called:    6
 This function calls:
		_NRF_Write_Register
 This function is called by:
		_Appl_Init
 This function uses a non-reentrant model


 *************** function _NRF_SetCRCLen *****************
 Defined at:
		line 87 in file "02-SRC/04-DRIVER/NRF24L01/NRF24L01.c"
 Parameters:    Size  Location     Type
  Len             1    wreg     unsigned char 
 Auto vars:     Size  Location     Type
  Len             1   14[BANK0 ] unsigned char 
 Return value:  Size  Location     Type
                  1    wreg      void 
 Registers used:
		wreg, fsr1l, fsr1h, status,2, status,0, pclath, cstack
 Tracked objects:
		On entry : 
		On exit  : 
		Unchanged: 
 Data sizes:     COMMON   BANK0   BANK1   BANK2   BANK3   BANK4   BANK5   BANK6
      Params:         0       0       0       0       0       0       0       0
      Locals:         0       1       0       0       0       0       0       0
      Temps:          0       1       0       0       0       0       0       0
      Totals:         0       2       0       0       0       0       0       0
Total ram usage:        2 bytes
 Hardware stack levels used:    1
 Hardware stack levels required when called:    6
 This function calls:
		_NRF_Read_Register
		_NRF_Write_Register
 This function is called by:
		_Appl_Init
 This function uses a non-reentrant model


 *************** function _NRF_SetAddrWidth *****************
 Defined at:
		line 114 in file "02-SRC/04-DRIVER/NRF24L01/NRF24L01.c"
 Parameters:    Size  Location     Type
  AddressWidth    1    wreg     unsigned char 
 Auto vars:     Size  Location     Type
  AddressWidth    1   16[BANK0 ] unsigned char 
 Return value:  Size  Location     Type
                  1    wreg      void 
 Registers used:
		wreg, fsr1l, fsr1h, status,2, status,0, pclath, cstack
 Tracked objects:
		On entry : 
		On exit  : 
		Unchanged: 
 Data sizes:     COMMON   BANK0   BANK1   BANK2   BANK3   BANK4   BANK5   BANK6
      Params:         0       0       0       0       0       0       0       0
      Locals:         0       3       0       0       0       0       0       0
      Temps:          0       1       0       0       0       0       0       0
      Totals:         0       4       0       0       0       0       0       0
Total ram usage:        4 bytes
 Hardware stack levels used:    1
 Hardware stack levels required when called:    6
 This function calls:
		_NRF_Write_Register
 This function is called by:
		_Appl_Init
 This function uses a non-reentrant model


 *************** function _NRF_SetART *****************
 Defined at:
		line 122 in file "02-SRC/04-DRIVER/NRF24L01/NRF24L01.c"
 Parameters:    Size  Location     Type
  count           1    wreg     unsigned char 
  delay           1   13[BANK0 ] unsigned char 
 Auto vars:     Size  Location     Type
  count           1   15[BANK0 ] unsigned char 
 Return value:  Size  Location     Type
                  1    wreg      void 
 Registers used:
		wreg, fsr1l, fsr1h, status,2, status,0, pclath, cstack
 Tracked objects:
		On entry : 
		On exit  : 
		Unchanged: 
 Data sizes:     COMMON   BANK0   BANK1   BANK2   BANK3   BANK4   BANK5   BANK6
      Params:         0       1       0       0       0       0       0       0
      Locals:         0       1       0       0       0       0       0       0
      Temps:          0       1       0       0       0       0       0       0
      Totals:         0       3       0       0       0       0       0       0
Total ram usage:        3 bytes
 Hardware stack levels used:    1
 Hardware stack levels required when called:    6
 This function calls:
		_NRF_Write_Register
 This function is called by:
		_Appl_Init
 This function uses a non-reentrant model


 *************** function _NRF_OpenReadingPipe *****************
 Defined at:
		line 16 in file "02-SRC/04-DRIVER/NRF24L01/NRF24L01.c"
 Parameters:    Size  Location     Type
  PipeNo          1    wreg     unsigned char 
  PipeAddr        2   17[BANK0 ] PTR unsigned char 
		 -> STR_1(6), 
  PayloadLengt    1   19[BANK0 ] unsigned char 
  AutoAck         1   20[BANK0 ] unsigned char 
  Enable          1   21[BANK0 ] unsigned char 
 Auto vars:     Size  Location     Type
  PipeNo          1   31[BANK0 ] unsigned char 
  i               1   30[BANK0 ] unsigned char 
  AW              1   29[BANK0 ] unsigned char 
 Return value:  Size  Location     Type
                  1    wreg      void 
 Registers used:
		wreg, fsr0l, fsr0h, fsr1l, fsr1h, status,2, status,0, pclath, cstack
 Tracked objects:
		On entry : 
		On exit  : 
		Unchanged: 
 Data sizes:     COMMON   BANK0   BANK1   BANK2   BANK3   BANK4   BANK5   BANK6
      Params:         0       5       0       0       0       0       0       0
      Locals:         0       5       0       0       0       0       0       0
      Temps:          0       5       0       0       0       0       0       0
      Totals:         0      15       0       0       0       0       0       0
Total ram usage:       15 bytes
 Hardware stack levels used:    1
 Hardware stack levels required when called:    7
 This function calls:
		_NRF_PipeEnable
		_NRF_PipeEnableAA
		_NRF_Write_Register
		___bmul
 This function is called by:
		_Appl_Init
 This function uses a non-reentrant model


 *************** function ___bmul *****************
 Defined at:
		line 4 in file "C:\Program Files (x86)\Microchip\xc8\pic\sources\c99\common\Umul8.c"
 Parameters:    Size  Location     Type
  multiplier      1    wreg     unsigned char 
  multiplicand    1    2[BANK0 ] unsigned char 
 Auto vars:     Size  Location     Type
  multiplier      1    5[BANK0 ] unsigned char 
  product         1    4[BANK0 ] unsigned char 
 Return value:  Size  Location     Type
                  1    wreg      unsigned char 
 Registers used:
		wreg, status,2, status,0
 Tracked objects:
		On entry : 
		On exit  : 
		Unchanged: 
 Data sizes:     COMMON   BANK0   BANK1   BANK2   BANK3   BANK4   BANK5   BANK6
      Params:         0       1       0       0       0       0       0       0
      Locals:         0       2       0       0       0       0       0       0
      Temps:          0       1       0       0       0       0       0       0
      Totals:         0       4       0       0       0       0       0       0
Total ram usage:        4 bytes
 Hardware stack levels used:    1
 Hardware stack levels required when called:    4
 This function calls:
		Nothing
 This function is called by:
		_NRF_OpenReadingPipe
 This function uses a non-reentrant model


 *************** function _NRF_PipeEnableAA *****************
 Defined at:
		line 64 in file "02-SRC/04-DRIVER/NRF24L01/NRF24L01.c"
 Parameters:    Size  Location     Type
  PipeNo          1    wreg     unsigned char 
 Auto vars:     Size  Location     Type
  PipeNo          1   15[BANK0 ] unsigned char 
  AA              1   16[BANK0 ] unsigned char 
 Return value:  Size  Location     Type
                  1    wreg      void 
 Registers used:
		wreg, fsr1l, fsr1h, status,2, status,0, pclath, cstack
 Tracked objects:
		On entry : 
		On exit  : 
		Unchanged: 
 Data sizes:     COMMON   BANK0   BANK1   BANK2   BANK3   BANK4   BANK5   BANK6
      Params:         0       0       0       0       0       0       0       0
      Locals:         0       2       0       0       0       0       0       0
      Temps:          0       2       0       0       0       0       0       0
      Totals:         0       4       0       0       0       0       0       0
Total ram usage:        4 bytes
 Hardware stack levels used:    1
 Hardware stack levels required when called:    6
 This function calls:
		_NRF_Read_Register
		_NRF_Write_Register
 This function is called by:
		_NRF_OpenReadingPipe
 This function uses a non-reentrant model


 *************** function _NRF_PipeEnable *****************
 Defined at:
		line 48 in file "02-SRC/04-DRIVER/NRF24L01/NRF24L01.c"
 Parameters:    Size  Location     Type
  PipeNo          1    wreg     unsigned char 
 Auto vars:     Size  Location     Type
  PipeNo          1   15[BANK0 ] unsigned char 
  EN              1   16[BANK0 ] unsigned char 
 Return value:  Size  Location     Type
                  1    wreg      void 
 Registers used:
		wreg, fsr1l, fsr1h, status,2, status,0, pclath, cstack
 Tracked objects:
		On entry : 
		On exit  : 
		Unchanged: 
 Data sizes:     COMMON   BANK0   BANK1   BANK2   BANK3   BANK4   BANK5   BANK6
      Params:         0       0       0       0       0       0       0       0
      Locals:         0       2       0       0       0       0       0       0
      Temps:          0       2       0       0       0       0       0       0
      Totals:         0       4       0       0       0       0       0       0
Total ram usage:        4 bytes
 Hardware stack levels used:    1
 Hardware stack levels required when called:    6
 This function calls:
		_NRF_Read_Register
		_NRF_Write_Register
 This function is called by:
		_NRF_OpenReadingPipe
 This function uses a non-reentrant model


 *************** function _NRF_Write_Register *****************
 Defined at:
		line 202 in file "02-SRC/04-DRIVER/NRF24L01/NRF24L01.c"
 Parameters:    Size  Location     Type
  Register        1    wreg     unsigned char 
  Bytes           2    6[BANK0 ] PTR unsigned char 
		 -> NRFChip.SETUP_RETR(1), NRFChip.RF_SETUP(1), NRFChip.RF_CH(1), NRFChip.CONFIG(1), 
		 -> NRF_PipeDisableAA@AA(1), NRF_PipeEnableAA@AA(1), NRF_PipeDisable@EN(1), NRF_PipeEnable@EN(1), 
		 -> NFR_RxPipes(36), NRFChip.AW(1), NRFChip(14), RAM(4096), 
  Length          1    8[BANK0 ] unsigned char 
 Auto vars:     Size  Location     Type
  Register        1   11[BANK0 ] unsigned char 
  Status          1   12[BANK0 ] unsigned char 
 Return value:  Size  Location     Type
                  1    wreg      unsigned char 
 Registers used:
		wreg, fsr1l, fsr1h, status,2, status,0, pclath, cstack
 Tracked objects:
		On entry : 
		On exit  : 
		Unchanged: 
 Data sizes:     COMMON   BANK0   BANK1   BANK2   BANK3   BANK4   BANK5   BANK6
      Params:         0       3       0       0       0       0       0       0
      Locals:         0       2       0       0       0       0       0       0
      Temps:          0       2       0       0       0       0       0       0
      Totals:         0       7       0       0       0       0       0       0
Total ram usage:        7 bytes
 Hardware stack levels used:    1
 Hardware stack levels required when called:    5
 This function calls:
		Absolute function
		_SPI_Exchange
 This function is called by:
		_Appl_Init
		_NRF_OpenReadingPipe
		_NRF_PipeEnable
		_NRF_PipeEnableAA
		_NRF_SetCRCLen
		_NRF_SetRFChannel
		_NRF_SetRFPower
		_NRF_SetRFDataRate
		_NRF_SetAddrWidth
		_NRF_SetART
		_NRF_StartListening
		_NRF_SetTxAddr
		_NRF_PipeDisable
		_NRF_PipeDisableAA
		_NRF_SetPrimaryAs
		_NRF_StopListening
		_NRF_SetMaskIRQ
 This function uses a non-reentrant model


 *************** function _NRF_Read_Register *****************
 Defined at:
		line 215 in file "02-SRC/04-DRIVER/NRF24L01/NRF24L01.c"
 Parameters:    Size  Location     Type
  Register        1    wreg     unsigned char 
  Bytes           1    3[BANK0 ] PTR unsigned char 
		 -> NRF_StatusHandler@NRF_Fifo(1), NRFChip.RF_SETUP(1), NRFChip.CONFIG(1), NRF_PipeDisableAA@AA(1), 
		 -> NRF_PipeEnableAA@AA(1), NRF_PipeDisable@EN(1), NRF_PipeEnable@EN(1), NRFChip(14), 
  Length          1    4[BANK0 ] unsigned char 
 Auto vars:     Size  Location     Type
  Register        1    7[BANK0 ] unsigned char 
  Status          1    8[BANK0 ] unsigned char 
 Return value:  Size  Location     Type
                  1    wreg      unsigned char 
 Registers used:
		wreg, fsr1l, fsr1h, status,2, status,0, pclath, cstack
 Tracked objects:
		On entry : 
		On exit  : 
		Unchanged: 
 Data sizes:     COMMON   BANK0   BANK1   BANK2   BANK3   BANK4   BANK5   BANK6
      Params:         0       2       0       0       0       0       0       0
      Locals:         0       2       0       0       0       0       0       0
      Temps:          0       2       0       0       0       0       0       0
      Totals:         0       6       0       0       0       0       0       0
Total ram usage:        6 bytes
 Hardware stack levels used:    1
 Hardware stack levels required when called:    5
 This function calls:
		Absolute function
		_SPI_Exchange
 This function is called by:
		_NRF_PipeEnable
		_NRF_PipeEnableAA
		_NRF_SetCRCLen
		_NRF_SetRFPower
		_NRF_SetRFDataRate
		_NRF_StartListening
		_NRF_PipeDisable
		_NRF_PipeDisableAA
		_NRF_SetPrimaryAs
		_NRF_StopListening
		_NRF_SetMaskIRQ
		_NRF_StatusHandler
 This function uses a non-reentrant model


 *************** function _SPI_Exchange *****************
 Defined at:
		line 65 in file "02-SRC/04-DRIVER/target.c"
 Parameters:    Size  Location     Type
  Data            1    2[BANK0 ] unsigned char 
 Auto vars:     Size  Location     Type
		None
 Return value:  Size  Location     Type
                  1    wreg      unsigned char 
 Registers used:
		wreg
 Tracked objects:
		On entry : 
		On exit  : 
		Unchanged: 
 Data sizes:     COMMON   BANK0   BANK1   BANK2   BANK3   BANK4   BANK5   BANK6
      Params:         0       1       0       0       0       0       0       0
      Locals:         0       0       0       0       0       0       0       0
      Temps:          0       0       0       0       0       0       0       0
      Totals:         0       1       0       0       0       0       0       0
Total ram usage:        1 bytes
 Hardware stack levels used:    1
 Hardware stack levels required when called:    4
 This function calls:
		Nothing
 This function is called by:
		_Appl_Init
		_NRF_Write_Register
		_NRF_Read_Register
		_NRF_GetStatus
		i1_NRF_Write_Register
		_NRF_ReadPayload
		_NRF_WritePayload
		_NRF_StatusHandler
 This function uses a non-reentrant model


 *************** function _NRF24L01_Init *****************
 Defined at:
		line 9 in file "02-SRC/04-DRIVER/NRF24L01/NRF24L01.c"
 Parameters:    Size  Location     Type
  SPI_Exchange    2    4[BANK0 ] PTR FTN(unsigned char ,)
		 -> SPI_Exchange(1), 
 Auto vars:     Size  Location     Type
		None
 Return value:  Size  Location     Type
                  1    wreg      void 
 Registers used:
		wreg, status,2, status,0, pclath, cstack
 Tracked objects:
		On entry : 
		On exit  : 
		Unchanged: 
 Data sizes:     COMMON   BANK0   BANK1   BANK2   BANK3   BANK4   BANK5   BANK6
      Params:         0       2       0       0       0       0       0       0
      Locals:         0       0       0       0       0       0       0       0
      Temps:          0       0       0       0       0       0       0       0
      Totals:         0       2       0       0       0       0       0       0
Total ram usage:        2 bytes
 Hardware stack levels used:    1
 Hardware stack levels required when called:    5
 This function calls:
		_NRF_Set_SPI_Handler
 This function is called by:
		_Appl_Init
 This function uses a non-reentrant model


 *************** function _NRF_Set_SPI_Handler *****************
 Defined at:
		line 251 in file "02-SRC/04-DRIVER/NRF24L01/NRF24L01.c"
 Parameters:    Size  Location     Type
  SPI_Handler     2    2[BANK0 ] PTR FTN(unsigned char ,)
		 -> SPI_Exchange(1), 
 Auto vars:     Size  Location     Type
		None
 Return value:  Size  Location     Type
                  1    wreg      void 
 Registers used:
		wreg
 Tracked objects:
		On entry : 
		On exit  : 
		Unchanged: 
 Data sizes:     COMMON   BANK0   BANK1   BANK2   BANK3   BANK4   BANK5   BANK6
      Params:         0       2       0       0       0       0       0       0
      Locals:         0       0       0       0       0       0       0       0
      Temps:          0       0       0       0       0       0       0       0
      Totals:         0       2       0       0       0       0       0       0
Total ram usage:        2 bytes
 Hardware stack levels used:    1
 Hardware stack levels required when called:    4
 This function calls:
		Nothing
 This function is called by:
		_NRF24L01_Init
 This function uses a non-reentrant model


 *************** function _APPL_TASK_10MS *****************
 Defined at:
		line 179 in file "02-SRC/02-APPLICATION/Appl.c"
 Parameters:    Size  Location     Type
		None
 Auto vars:     Size  Location     Type
		None
[...]
 Defined at:
		line 10 in file "C:\Program Files (x86)\Microchip\xc8\pic\sources\c99\common\xxtofl.c"
 Parameters:    Size  Location     Type
  sign            1    wreg     unsigned char 
  val             4    2[BANK0 ] long 
 Auto vars:     Size  Location     Type
  sign            1   10[BANK0 ] unsigned char 
  arg             4   12[BANK0 ] unsigned long 
  exp             1   11[BANK0 ] unsigned char 
 Return value:  Size  Location     Type
                  4    2[BANK0 ] unsigned char 
 Registers used:
		wreg, status,2, status,0
 Tracked objects:
		On entry : 
		On exit  : 
		Unchanged: 
 Data sizes:     COMMON   BANK0   BANK1   BANK2   BANK3   BANK4   BANK5   BANK6
      Params:         0       4       0       0       0       0       0       0
      Locals:         0       6       0       0       0       0       0       0
      Temps:          0       4       0       0       0       0       0       0
      Totals:         0      14       0       0       0       0       0       0
Total ram usage:       14 bytes
 Hardware stack levels used:    1
 Hardware stack levels required when called:    4
 This function calls:
		Nothing
 This function is called by:
		_LinearTransiant
 This function uses a non-reentrant model


 *************** function ___fltol *****************
 Defined at:
		line 43 in file "C:\Program Files (x86)\Microchip\xc8\pic\sources\c99\common\fltol.c"
 Parameters:    Size  Location     Type
  f1              4   42[BANK0 ] unsigned char 
 Auto vars:     Size  Location     Type
  exp1            1   52[BANK0 ] unsigned char 
  sign1           1   51[BANK0 ] unsigned char 
 Return value:  Size  Location     Type
                  4   42[BANK0 ] long 
 Registers used:
		wreg, status,2, status,0
 Tracked objects:
		On entry : 
		On exit  : 
		Unchanged: 
 Data sizes:     COMMON   BANK0   BANK1   BANK2   BANK3   BANK4   BANK5   BANK6
      Params:         0       4       0       0       0       0       0       0
      Locals:         0       2       0       0       0       0       0       0
      Temps:          0       5       0       0       0       0       0       0
      Totals:         0      11       0       0       0       0       0       0
Total ram usage:       11 bytes
 Hardware stack levels used:    1
 Hardware stack levels required when called:    4
 This function calls:
		Nothing
 This function is called by:
		_LinearTransiant
 This function uses a non-reentrant model


 *************** function ___flmul *****************
 Defined at:
		line 8 in file "C:\Program Files (x86)\Microchip\xc8\pic\sources\c99\common\sprcmul.c"
 Parameters:    Size  Location     Type
  b               4   16[BANK0 ] long 
  a               4   20[BANK0 ] long 
 Auto vars:     Size  Location     Type
  prod            4   36[BANK0 ] struct .
  grs             4   30[BANK0 ] unsigned long 
  temp            2   40[BANK0 ] struct .
  bexp            1   35[BANK0 ] unsigned char 
  aexp            1   34[BANK0 ] unsigned char 
  sign            1   29[BANK0 ] unsigned char 
 Return value:  Size  Location     Type
                  4   16[BANK0 ] unsigned char 
 Registers used:
		wreg, status,2, status,0, pclath, cstack
 Tracked objects:
		On entry : 
		On exit  : 
		Unchanged: 
 Data sizes:     COMMON   BANK0   BANK1   BANK2   BANK3   BANK4   BANK5   BANK6
      Params:         0       8       0       0       0       0       0       0
      Locals:         0      13       0       0       0       0       0       0
      Temps:          0       5       0       0       0       0       0       0
      Totals:         0      26       0       0       0       0       0       0
Total ram usage:       26 bytes
 Hardware stack levels used:    1
 Hardware stack levels required when called:    5
 This function calls:
		__Umul8_16
 This function is called by:
		_LinearTransiant
 This function uses a non-reentrant model


 *************** function __Umul8_16 *****************
 Defined at:
		line 4 in file "C:\Program Files (x86)\Microchip\xc8\pic\sources\c99\common\Umul8_16.c"
 Parameters:    Size  Location     Type
  multiplier      1    wreg     unsigned char 
  multiplicand    1    2[BANK0 ] unsigned char 
 Auto vars:     Size  Location     Type
  multiplier      1   10[BANK0 ] unsigned char 
  word_mpld       2    8[BANK0 ] unsigned int 
  product         2    6[BANK0 ] unsigned int 
 Return value:  Size  Location     Type
                  2    2[BANK0 ] unsigned int 
 Registers used:
		wreg, status,2, status,0
 Tracked objects:
		On entry : 
		On exit  : 
		Unchanged: 
 Data sizes:     COMMON   BANK0   BANK1   BANK2   BANK3   BANK4   BANK5   BANK6
      Params:         0       2       0       0       0       0       0       0
      Locals:         0       5       0       0       0       0       0       0
      Temps:          0       2       0       0       0       0       0       0
      Totals:         0       9       0       0       0       0       0       0
Total ram usage:        9 bytes
 Hardware stack levels used:    1
 Hardware stack levels required when called:    4
 This function calls:
		Nothing
 This function is called by:
		___flmul
 This function uses a non-reentrant model


 *************** function ___fldiv *****************
 Defined at:
		line 8 in file "C:\Program Files (x86)\Microchip\xc8\pic\sources\c99\common\sprcdiv.c"
 Parameters:    Size  Location     Type
  a               4   16[BANK0 ] unsigned int 
  b               4   20[BANK0 ] unsigned int 
 Auto vars:     Size  Location     Type
  grs             4   36[BANK0 ] unsigned long 
  rem             4   29[BANK0 ] unsigned long 
  new_exp         2   34[BANK0 ] int 
  aexp            1   41[BANK0 ] unsigned char 
  bexp            1   40[BANK0 ] unsigned char 
  sign            1   33[BANK0 ] unsigned char 
 Return value:  Size  Location     Type
                  4   16[BANK0 ] unsigned char 
 Registers used:
		wreg, status,2, status,0
 Tracked objects:
		On entry : 
		On exit  : 
		Unchanged: 
 Data sizes:     COMMON   BANK0   BANK1   BANK2   BANK3   BANK4   BANK5   BANK6
      Params:         0       8       0       0       0       0       0       0
      Locals:         0      13       0       0       0       0       0       0
      Temps:          0       5       0       0       0       0       0       0
      Totals:         0      26       0       0       0       0       0       0
Total ram usage:       26 bytes
 Hardware stack levels used:    1
 Hardware stack levels required when called:    4
 This function calls:
		Nothing
 This function is called by:
		_LinearTransiant
 This function uses a non-reentrant model


 *************** function _KeepDistance *****************
 Defined at:
		line 75 in file "02-SRC/02-APPLICATION/Appl.c"
 Parameters:    Size  Location     Type
  amount          1    wreg     unsigned char 
 Auto vars:     Size  Location     Type
  amount          1    5[BANK0 ] unsigned char 
  diff            2    3[BANK0 ] short 
  retVal          1    6[BANK0 ] unsigned char 
 Return value:  Size  Location     Type
                  1    wreg      unsigned char 
 Registers used:
		wreg, status,2, status,0
 Tracked objects:
		On entry : 
		On exit  : 
		Unchanged: 
 Data sizes:     COMMON   BANK0   BANK1   BANK2   BANK3   BANK4   BANK5   BANK6
      Params:         0       0       0       0       0       0       0       0
      Locals:         0       4       0       0       0       0       0       0
      Temps:          0       1       0       0       0       0       0       0
      Totals:         0       5       0       0       0       0       0       0
Total ram usage:        5 bytes
 Hardware stack levels used:    1
 Hardware stack levels required when called:    4
 This function calls:
		Nothing
 This function is called by:
		_APPL_TASK_10MS
 This function uses a non-reentrant model


 *************** function _ISR *****************
 Defined at:
		line 71 in file "02-SRC/04-DRIVER/target.c"
 Parameters:    Size  Location     Type
		None
 Auto vars:     Size  Location     Type
		None
 Return value:  Size  Location     Type
                  1    wreg      void 
 Registers used:
		wreg, fsr1l, fsr1h, status,2, status,0, pclath, cstack
 Tracked objects:
		On entry : 
		On exit  : 
		Unchanged: 
 Data sizes:     COMMON   BANK0   BANK1   BANK2   BANK3   BANK4   BANK5   BANK6
      Params:         0       0       0       0       0       0       0       0
      Locals:         0       0       0       0       0       0       0       0
      Temps:          1       0       0       0       0       0       0       0
      Totals:         1       0       0       0       0       0       0       0
Total ram usage:        1 bytes
 Hardware stack levels used:    1
 Hardware stack levels required when called:    3
 This function calls:
		_ClickLed
		_NRF_Available
		_NRF_ReadPayload
		i1_NRF_Write_Register
 This function is called by:
		Interrupt level 1
 This function uses a non-reentrant model


 *************** function _NRF_ReadPayload *****************
 Defined at:
		line 173 in file "02-SRC/04-DRIVER/NRF24L01/NRF24L01.c"
 Parameters:    Size  Location     Type
  Payload         1    wreg     PTR unsigned char 
		 -> NRF_Payload(8), 
  PayloadLengt    1    7[COMMON] unsigned char 
 Auto vars:     Size  Location     Type
  Payload         1    0[BANK0 ] PTR unsigned char 
		 -> NRF_Payload(8), 
  i               1    1[BANK0 ] unsigned char 
 Return value:  Size  Location     Type
                  1    wreg      void 
 Registers used:
		wreg, fsr1l, fsr1h, status,2, status,0, pclath, cstack
 Tracked objects:
		On entry : 
		On exit  : 
		Unchanged: 
 Data sizes:     COMMON   BANK0   BANK1   BANK2   BANK3   BANK4   BANK5   BANK6
      Params:         1       0       0       0       0       0       0       0
      Locals:         0       2       0       0       0       0       0       0
      Temps:          3       0       0       0       0       0       0       0
      Totals:         4       2       0       0       0       0       0       0
Total ram usage:        6 bytes
 Hardware stack levels used:    1
 Hardware stack levels required when called:    2
 This function calls:
		Absolute function
		i1_NRF_Write_Register
		i1_SPI_Exchange
 This function is called by:
		_ISR
 This function uses a non-reentrant model


 *************** function i1_NRF_Write_Register *****************
 Defined at:
		line 202 in file "02-SRC/04-DRIVER/NRF24L01/NRF24L01.c"
 Parameters:    Size  Location     Type
  Register        1    wreg     unsigned char 
  Bytes           2    1[COMMON] PTR unsigned char 
		 -> NRF_PipeDisableAA@AA(1), NRF_PipeEnableAA@AA(1), NRF_PipeDisable@EN(1), NRF_PipeEnable@EN(1), 
		 -> NRFChip.STATUS(1), NFR_RxPipes(36), NRFChip(14), RAM(4096), 
  Length          1    3[COMMON] unsigned char 
 Auto vars:     Size  Location     Type
  Register        1    6[COMMON] unsigned char 
  Status          1    0        unsigned char 
 Return value:  Size  Location     Type
                  1    wreg      unsigned char 
 Registers used:
		wreg, fsr1l, fsr1h, status,2, status,0, pclath, cstack
 Tracked objects:
		On entry : 
		On exit  : 
		Unchanged: 
 Data sizes:     COMMON   BANK0   BANK1   BANK2   BANK3   BANK4   BANK5   BANK6
      Params:         3       0       0       0       0       0       0       0
      Locals:         2       0       0       0       0       0       0       0
      Temps:          1       0       0       0       0       0       0       0
      Totals:         6       0       0       0       0       0       0       0
Total ram usage:        6 bytes
 Hardware stack levels used:    1
 Hardware stack levels required when called:    1
 This function calls:
		Absolute function
		i1_SPI_Exchange
 This function is called by:
		_NRF_ReadPayload
		_ISR
 This function uses a non-reentrant model


 *************** function _NRF_Available *****************
 Defined at:
		line 146 in file "02-SRC/04-DRIVER/NRF24L01/NRF24L01.c"
 Parameters:    Size  Location     Type
  PipeNo          1    wreg     unsigned char 
 Auto vars:     Size  Location     Type
  PipeNo          1    3[COMMON] unsigned char 
  IsAvailable     1    4[COMMON] unsigned char 
 Return value:  Size  Location     Type
                  1    wreg      unsigned char 
 Registers used:
		wreg, status,2, status,0, pclath, cstack
 Tracked objects:
		On entry : 
		On exit  : 
		Unchanged: 
 Data sizes:     COMMON   BANK0   BANK1   BANK2   BANK3   BANK4   BANK5   BANK6
      Params:         0       0       0       0       0       0       0       0
      Locals:         2       0       0       0       0       0       0       0
      Temps:          0       0       0       0       0       0       0       0
      Totals:         2       0       0       0       0       0       0       0
Total ram usage:        2 bytes
 Hardware stack levels used:    1
 Hardware stack levels required when called:    2
 This function calls:
		_NRF_GetStatus
 This function is called by:
		_ISR
 This function uses a non-reentrant model


 *************** function _NRF_GetStatus *****************
 Defined at:
		line 157 in file "02-SRC/04-DRIVER/NRF24L01/NRF24L01.c"
 Parameters:    Size  Location     Type
		None
 Auto vars:     Size  Location     Type
		None
 Return value:  Size  Location     Type
                  1    wreg      unsigned char 
 Registers used:
		wreg, pclath, cstack
 Tracked objects:
		On entry : 
		On exit  : 
		Unchanged: 
 Data sizes:     COMMON   BANK0   BANK1   BANK2   BANK3   BANK4   BANK5   BANK6
      Params:         0       0       0       0       0       0       0       0
      Locals:         0       0       0       0       0       0       0       0
      Temps:          2       0       0       0       0       0       0       0
      Totals:         2       0       0       0       0       0       0       0
Total ram usage:        2 bytes
 Hardware stack levels used:    1
 Hardware stack levels required when called:    1
 This function calls:
		Absolute function
		i1_SPI_Exchange
 This function is called by:
		_NRF_Available
 This function uses a non-reentrant model


 *************** function i1_SPI_Exchange *****************
 Defined at:
		line 65 in file "02-SRC/04-DRIVER/target.c"
 Parameters:    Size  Location     Type
  Data            1    0[COMMON] unsigned char 
 Auto vars:     Size  Location     Type
		None
 Return value:  Size  Location     Type
                  1    wreg      unsigned char 
 Registers used:
		wreg
 Tracked objects:
		On entry : 
		On exit  : 
		Unchanged: 
 Data sizes:     COMMON   BANK0   BANK1   BANK2   BANK3   BANK4   BANK5   BANK6
      Params:         1       0       0       0       0       0       0       0
      Locals:         0       0       0       0       0       0       0       0
      Temps:          0       0       0       0       0       0       0       0
      Totals:         1       0       0       0       0       0       0       0
Total ram usage:        1 bytes
 Hardware stack levels used:    1
 This function calls:
		Nothing
 This function is called by:
		_NRF_Write_Register
		_NRF_Read_Register
		_NRF_GetStatus
		i1_NRF_Write_Register
		_NRF_ReadPayload
		_NRF_WritePayload
		_NRF_StatusHandler
 This function uses a non-reentrant model


 *************** function _ClickLed *****************
 Defined at:
		line 174 in file "02-SRC/02-APPLICATION/Appl.c"
 Parameters:    Size  Location     Type
  DurationMs      2    0[COMMON] unsigned short 
 Auto vars:     Size  Location     Type
		None
 Return value:  Size  Location     Type
                  1    wreg      void 
 Registers used:
		wreg
 Tracked objects:
		On entry : 
		On exit  : 
		Unchanged: 
 Data sizes:     COMMON   BANK0   BANK1   BANK2   BANK3   BANK4   BANK5   BANK6
      Params:         2       0       0       0       0       0       0       0
      Locals:         0       0       0       0       0       0       0       0
      Temps:          0       0       0       0       0       0       0       0
      Totals:         2       0       0       0       0       0       0       0
Total ram usage:        2 bytes
 Hardware stack levels used:    1
 This function calls:
		Nothing
 This function is called by:
		_ISR
 This function uses a non-reentrant model



MODULE INFORMATION

Module		Function		Class		Link	Load	Size
C:\Program Files (x86)\Microchip\xc8\pic\sources\c99\common\sprcdiv.c
		___fldiv       		CODE           	04BA	0000	436

C:\Program Files (x86)\Microchip\xc8\pic\sources\c99\common\sprcdiv.c estimated size: 436

02-SRC/02-APPLICATION/Appl.c
		_KeepDistance  		CODE           	0B1A	0000	41
		_QueueInit     		CODE           	0990	0000	14
		_IsEmpty       		CODE           	095E	0000	12
		_IsFull        		CODE           	0B6D	0000	44
		_enQueue       		CODE           	0DB4	0000	66
		_ClickLed      		CODE           	094D	0000	8
		_Appl_Init     		CODE           	0796	0000	88
		_APPL_TASK_10MS		CODE           	0CC0	0000	56
		_Task_LedManager		CODE           	0A1A	0000	34
		_LinearTransiant		CODE           	066E	0000	296
		_deQueue       		CODE           	0D73	0000	65

02-SRC/02-APPLICATION/Appl.c estimated size: 724

C:\Program Files (x86)\Microchip\xc8\pic\sources\c99\common\lwmod.c
		___lwmod       		CODE           	0C8B	0000	53

C:\Program Files (x86)\Microchip\xc8\pic\sources\c99\common\lwmod.c estimated size: 53

02-SRC/04-DRIVER/NRF24L01/NRF24L01.c
		_NRF_Write_Register		CODE           	0BF3	0000	50
		_NRF_PipeEnable		CODE           	0A3C	0000	35
		_NRF24L01_Init 		CODE           	096A	0000	12
		_NRF_StartListening		CODE           	09F9	0000	33
		_NRF_OpenReadingPipe		CODE           	0EB9	0000	154
		_NRF_Available 		CODE           	099E	0000	21
		_NRF_PipeEnableAA		CODE           	0A5F	0000	35
		_NRF_SetART    		CODE           	0ACA	0000	39
		_NRF_GetStatus 		CODE           	07EE	0000	18
		_NRF_Read_Register		CODE           	0C25	0000	51
		_NRF_SetCRCLen 		CODE           	0AA6	0000	36
		_NRF_SetRFChannel		CODE           	0B43	0000	42
		_NRF_SetAddrWidth		CODE           	0C58	0000	51
		_NRF_SetRFDataRate		CODE           	0B99	0000	44
		_NRF_SetRFPower		CODE           	0CF8	0000	59
		_NRF_ReadPayload		CODE           	0D33	0000	64
		_NRF_Set_SPI_Handler		CODE           	0947	0000	6

02-SRC/04-DRIVER/NRF24L01/NRF24L01.c estimated size: 750

02-SRC/02-APPLICATION/main.c
		_main          		CODE           	0DF6	0000	78

02-SRC/02-APPLICATION/main.c estimated size: 78

C:\Program Files (x86)\Microchip\xc8\pic\sources\c99\common\xxtofl.c
		___xxtofl      		CODE           	0F53	0000	173

C:\Program Files (x86)\Microchip\xc8\pic\sources\c99\common\xxtofl.c estimated size: 173

shared
		i1_SPI_Exchange		CODE           	0955	0000	9
		__initialization		CODE           	0041	0000	30
		i1_NRF_Write_Register		CODE           	0AF1	0000	41
		_gamma10       		STRCODE        	02BA	0000	512

shared estimated size: 592

02-SRC/04-DRIVER/target.c
		_SetPWM1       		CODE           	09C9	0000	24
		_ISR           		CODE           	0004	0000	59
		_SPI_Exchange  		CODE           	0982	0000	14
		_MCU_Init      		CODE           	0BC5	0000	46
		_SetPWM2       		CODE           	09E1	0000	24

02-SRC/04-DRIVER/target.c estimated size: 167

C:\Program Files (x86)\Microchip\xc8\pic\sources\c99\common\Umul8_16.c
		__Umul8_16     		CODE           	0A82	0000	36

C:\Program Files (x86)\Microchip\xc8\pic\sources\c99\common\Umul8_16.c estimated size: 36

C:\Program Files (x86)\Microchip\xc8\pic\sources\c99\common\fltol.c
		___fltol       		CODE           	0E44	0000	117

C:\Program Files (x86)\Microchip\xc8\pic\sources\c99\common\fltol.c estimated size: 117

C:\Program Files (x86)\Microchip\xc8\pic\sources\c99\common\Umul8.c
		___bmul        		CODE           	09B3	0000	22

C:\Program Files (x86)\Microchip\xc8\pic\sources\c99\common\Umul8.c estimated size: 22

C:\Program Files (x86)\Microchip\xc8\pic\sources\c99\common\sprcmul.c
		___flmul       		CODE           	0063	0000	599

C:\Program Files (x86)\Microchip\xc8\pic\sources\c99\common\sprcmul.c estimated size: 599

